Microchip MPLAB XC8 Compiler V2.00 ()

Linker command line:

-W-3 --edf=C:\Program Files (x86)\Microchip\xc8\v2.00\pic\dat\en_msgs.txt \
  -cs -h+dist/default/production\BTKB_Bootloader.X.production.sym \
  --cmf=dist/default/production\BTKB_Bootloader.X.production.cmf -z \
  -Q18LF67K40 -oC:\Users\imada\AppData\Local\Temp\s9vs.2 \
  --defsym=__MPLAB_BUILD=1 \
  -Mdist/default/production/BTKB_Bootloader.X.production.map -E1 -ver=XC8 \
  --acfsm=1493 -ASTACK=0CDh-0de9h -pstack=STACK -p_low_isr_text=18h \
  -p_high_isr_text=8h -ACODE=00h-07FFh -ACONST=00h-07FFh -ACOMRAM=01h-05Fh \
  -AABS1=00h-0DE9h -ABIGRAM=01h-0DE9h \
  -ARAM=060h-0FFh,0100h-01FFhx12,0D00h-0DE9h -ABANK0=060h-0FFh \
  -ABANK1=0100h-01FFh -ABANK2=0200h-02FFh -ABANK3=0300h-03FFh \
  -ABANK4=0400h-04FFh -ABANK5=0500h-05FFh -ABANK6=0600h-06FFh \
  -ABANK7=0700h-07FFh -ABANK8=0800h-08FFh -ABANK9=0900h-09FFh \
  -ABANK10=0A00h-0AFFh -ABANK11=0B00h-0BFFh -ABANK12=0C00h-0CFFh \
  -ABANK13=0D00h-0DE9h \
  -ASFR=0DEFh-0DFFh,0E00h-0EFFh,0F00h-0F5Fh,0F60h-0FFFh \
  -preset_vec=00h,intcode,intcodelo,powerup,init -pramtop=0E00h \
  -pconst=CONST -AFARRAM=00h-00h -ACONFIG=0300000h-030000Bh -pconfig=CONFIG \
  -AIDLOC=0200000h-020000Fh -pidloc=IDLOC -AEEDATA=0310000h-03103FFh \
  -peeprom_data=EEDATA \
  -prdata=COMRAM,nvrram=COMRAM,nvbit=COMRAM,rbss=COMRAM,rbit=COMRAM \
  -pfarbss=FARRAM,fardata=FARRAM,nvFARRAM=FARRAM \
  -pintsave_regs=BIGRAM,bigbss=BIGRAM,bigdata=BIGRAM -pbss=RAM \
  -pidata=CODE,irdata=CODE,ibigdata=CODE,ifardata=CODE -prparam=COMRAM \
  C:\Users\imada\AppData\Local\Temp\s9vs.o \
  dist/default/production\BTKB_Bootloader.X.production.o 

Object code version is 3.11

Machine type is 18LF67K40

Call graph: (short form)




                Name                               Link     Load   Length Selector   Space Scale
C:\Users\imada\AppData\Local\Temp\s9vs.o
                init                                  0        0        4        0       0
                idloc                            200000   200000       10   200000       0
                config                           300000   300000        C   300000       0
dist/default/production\BTKB_Bootloader.X.production.o
                text10                              72E      72E       2A      382       0
                text9                               3AC      3AC       CE        C       0
                text8                               47A      47A       A8        C       0
                text7                               5C0      5C0       84        C       0
                text6                               522      522       9E        C       0
                _high_isr_text                        8        8        6        4       0
                _low_isr_text                        18       18        6        C       0
                text3                               7A8      7A8       1A      382       0
                text2                               780      780       28      382       0
                text1                               704      704       2A      382       0
                text0                                1E       1E      38E        C       0
                cstackCOMRAM                         29       29       21        1       1
                dataBANK0                            60       60       5D       60       1
                bssBANK0                             BD       BD       10       60       1
                dataCOMRAM                            1        1       28        1       1
                bssCOMRAM                            4A       4A        E        1       1
                cinit                               644      644       62        C       0
                idataBANK0                          6A6      6A6       5D        C       0
                idataCOMRAM                         758      758       28      382       0

TOTAL           Name                               Link     Load   Length     Space
        CLASS   STACK          

        CLASS   CODE           
                init                                  0        0        4         0
                text10                              72E      72E       2A         0
                text9                               3AC      3AC       CE         0
                text8                               47A      47A       A8         0
                text7                               5C0      5C0       84         0
                text6                               522      522       9E         0
                _high_isr_text                        8        8        6         0
                _low_isr_text                        18       18        6         0
                text3                               7A8      7A8       1A         0
                text2                               780      780       28         0
                text1                               704      704       2A         0
                text0                                1E       1E      38E         0
                cinit                               644      644       62         0
                idataBANK0                          6A6      6A6       5D         0
                idataCOMRAM                         758      758       28         0

        CLASS   CONST          

        CLASS   COMRAM         
                cstackCOMRAM                         29       29       21         1
                dataCOMRAM                            1        1       28         1
                bssCOMRAM                            4A       4A        E         1

        CLASS   ABS1           

        CLASS   BIGRAM         

        CLASS   RAM            

        CLASS   BANK0          
                dataBANK0                            60       60       5D         1
                bssBANK0                             BD       BD       10         1

        CLASS   BANK1          

        CLASS   BANK2          

        CLASS   BANK3          

        CLASS   BANK4          

        CLASS   BANK5          

        CLASS   BANK6          

        CLASS   BANK7          

        CLASS   BANK8          

        CLASS   BANK9          

        CLASS   BANK10         

        CLASS   BANK11         

        CLASS   BANK12         

        CLASS   BANK13         

        CLASS   SFR            

        CLASS   FARRAM         

        CLASS   CONFIG         
                config                           300000   300000        C         0

        CLASS   IDLOC          
                idloc                            200000   200000       10         0

        CLASS   EEDATA         

        CLASS   MEDIUMCONST    

        CLASS   SMALLCONST     



SEGMENTS        Name                           Load    Length   Top    Selector   Space  Class

                reset_vec                      000000  000004  000004         0       0  CODE    
                dataCOMRAM                     000001  000057  000058         1       1  COMRAM  
                _high_isr_text                 000008  000006  00000E         4       0  CODE    
                _low_isr_text                  000018  0006EB  000703         C       0  CODE    
                dataBANK0                      000060  00006D  0000CD        60       1  BANK0   
                text1                          000704  0000BE  0007C2       382       0  CODE    
                idloc                          200000  000010  200010    200000       0  IDLOC   
                config                         300000  00000C  30000C    300000       0  CONFIG  


UNUSED ADDRESS RANGES

        Name                Unused          Largest block    Delta
        BANK0            0000CD-0000FF               33
        BANK1            000100-0001FF              100
        BANK10           000A00-000AFF              100
        BANK11           000B00-000BFF              100
        BANK12           000C00-000CFF              100
        BANK13           000D00-000DE9               EA
        BANK2            000200-0002FF              100
        BANK3            000300-0003FF              100
        BANK4            000400-0004FF              100
        BANK5            000500-0005FF              100
        BANK6            000600-0006FF              100
        BANK7            000700-0007FF              100
        BANK8            000800-0008FF              100
        BANK9            000900-0009FF              100
        BIGRAM           000058-00005F                8
                         0000CD-000DE9              D1D
        CODE             000004-000007                4
                         00000E-000017                A
                         000703-000703                1
                         0007C2-0007FF               3E
        COMRAM           000058-00005F                8
        CONST            000004-000007                4
                         00000E-000017                A
                         000703-000703                1
                         0007C2-0007FF               3E
        EEDATA           310000-3103FF              400
        RAM              0000CD-000DE9              100
        SFR              000DEF-000FFF              100
        STACK            0000CD-000DE9              D1D

                                  Symbol Table

?___awdiv                        cstackCOMRAM   000029
FLASH_EraseBlock@baseAddr        cstackCOMRAM   000029
FLASH_WriteBlock2@dddd           cstackCOMRAM   000036
FLASH_WriteBlock2@flashWrBufPtr  cstackCOMRAM   000030
FLASH_WriteBlock2@iii            cstackCOMRAM   000035
FLASH_WriteBlock2@size           cstackCOMRAM   00002F
FLASH_WriteBlock2@writeAddrStart cstackCOMRAM   00002C
FLASH_WriteBlock@adr2            cstackCOMRAM   000041
FLASH_WriteBlock@flashWrBufPtr   cstackCOMRAM   00003B
FLASH_WriteBlock@size            cstackCOMRAM   00003A
FLASH_WriteBlock@size1           cstackCOMRAM   000042
FLASH_WriteBlock@writeAddrStart  cstackCOMRAM   000037
SendCharUSB@d                    cstackCOMRAM   000029
_ANSELD                          (abs)          000EA7
_ANSELF                          (abs)          000EB4
_ANSELFbits                      (abs)          000EB4
_ANSELGbits                      (abs)          000EBC
_BAUD5CON                        (abs)          000EE2
_FLASH_EraseBlock                text10         00072E
_FLASH_WriteBlock                text8          00047A
_FLASH_WriteBlock2               text9          0003AC
_LATD7                           (abs)          007BE7
_LATF0                           (abs)          007BF0
_NVMCON1bits                     (abs)          000F77
_NVMCON2                         (abs)          000F78
_ODCONFbits                      (abs)          000EB2
_OK                              dataBANK0      00008F
_OSCCON1                         (abs)          000E43
_OSCFRQ                          (abs)          000E49
_PIR4bits                        (abs)          000E37
_RC5REG                          (abs)          000EDC
_RC5STA                          (abs)          000EE0
_RC5STAbits                      (abs)          000EE0
_RD5                             (abs)          007C65
_RD6                             (abs)          007C66
_RF5                             (abs)          007C75
_RF6                             (abs)          007C76
_RF7                             (abs)          007C77
_RG3PPS                          (abs)          000E85
_RX5PPSbits                      (abs)          000E17
_SP5BRGL                         (abs)          000EDE
_SendCharUSB                     text3          0007A8
_TABLAT                          (abs)          000FF5
_TBLPTR                          (abs)          000FF6
_TBLPTRU                         (abs)          000FF8
_TRISAbits                       (abs)          000F81
_TRISDbits                       (abs)          000F84
_TRISFbits                       (abs)          000F86
_TRISGbits                       (abs)          000F87
_TX5REG                          (abs)          000EDD
_TX5STA                          (abs)          000EE1
_WPUD                            (abs)          000EA6
__CFG_BOREN$OFF                  (abs)          000000
__CFG_BORV$VBOR_190              (abs)          000000
__CFG_CLKOUTEN$OFF               (abs)          000000
__CFG_CP$OFF                     (abs)          000000
__CFG_CPD$OFF                    (abs)          000000
__CFG_CSWEN$ON                   (abs)          000000
__CFG_DEBUG$OFF                  (abs)          000000
__CFG_EBTR0$OFF                  (abs)          000000
__CFG_EBTR1$OFF                  (abs)          000000
__CFG_EBTR2$OFF                  (abs)          000000
__CFG_EBTR3$OFF                  (abs)          000000
__CFG_EBTR4$OFF                  (abs)          000000
__CFG_EBTR5$OFF                  (abs)          000000
__CFG_EBTR6$OFF                  (abs)          000000
__CFG_EBTR7$OFF                  (abs)          000000
__CFG_EBTRB$OFF                  (abs)          000000
__CFG_FCMEN$OFF                  (abs)          000000
__CFG_FEXTOSC$OFF                (abs)          000000
__CFG_LPBOREN$ON                 (abs)          000000
__CFG_LVP$OFF                    (abs)          000000
__CFG_MCLRE$INTMCLR              (abs)          000000
__CFG_PPS1WAY$OFF                (abs)          000000
__CFG_PWRTE$OFF                  (abs)          000000
__CFG_RSTOSC$HFINTOSC_1MHZ       (abs)          000000
__CFG_SCANE$OFF                  (abs)          000000
__CFG_STVREN$ON                  (abs)          000000
__CFG_WDTCCS$SC                  (abs)          000000
__CFG_WDTCPS$WDTCPS_31           (abs)          000000
__CFG_WDTCWS$WDTCWS_7            (abs)          000000
__CFG_WDTE$OFF                   (abs)          000000
__CFG_WRT0$OFF                   (abs)          000000
__CFG_WRT1$OFF                   (abs)          000000
__CFG_WRT2$OFF                   (abs)          000000
__CFG_WRT3$OFF                   (abs)          000000
__CFG_WRT4$OFF                   (abs)          000000
__CFG_WRT5$OFF                   (abs)          000000
__CFG_WRT6$OFF                   (abs)          000000
__CFG_WRT7$OFF                   (abs)          000000
__CFG_WRTB$ON                    (abs)          000000
__CFG_WRTC$ON                    (abs)          000000
__CFG_WRTD$OFF                   (abs)          000000
__CFG_XINST$OFF                  (abs)          000000
__CFG_ZCD$OFF                    (abs)          000000
__HRAM                           (abs)          000000
__H_high_isr_text                _high_isr_text 00000E
__H_low_isr_text                 _low_isr_text  00001E
__Habs1                          abs1           000000
__Hbank0                         bank0          000000
__Hbank1                         bank1          000000
__Hbank10                        bank10         000000
__Hbank11                        bank11         000000
__Hbank12                        bank12         000000
__Hbank13                        bank13         000000
__Hbank2                         bank2          000000
__Hbank3                         bank3          000000
__Hbank4                         bank4          000000
__Hbank5                         bank5          000000
__Hbank6                         bank6          000000
__Hbank7                         bank7          000000
__Hbank8                         bank8          000000
__Hbank9                         bank9          000000
__Hbigbss                        bigbss         000000
__Hbigdata                       bigdata        000000
__Hbigram                        bigram         000000
__Hbss                           bss            000000
__HbssBANK0                      bssBANK0       000000
__HbssCOMRAM                     bssCOMRAM      000000
__Hcinit                         cinit          000000
__Hclrtext                       clrtext        000000
__Hcomram                        comram         000000
__Hconfig                        config         30000C
__Hconst                         const          000000
__HcstackCOMRAM                  cstackCOMRAM   000000
__Hdata                          data           000000
__HdataBANK0                     dataBANK0      000000
__HdataCOMRAM                    dataCOMRAM     000000
__Heeprom_data                   eeprom_data    000000
__Hfarbss                        farbss         000000
__Hfardata                       fardata        000000
__Hibigdata                      ibigdata       000000
__Hidata                         idata          000000
__HidataBANK0                    idataBANK0     000000
__HidataCOMRAM                   idataCOMRAM    000000
__Hidloc                         idloc          200010
__Hifardata                      ifardata       000000
__Hinit                          init           000004
__Hintcode                       intcode        000000
__Hintcode_body                  intcode_body   000000
__Hintcodelo                     intcodelo      000000
__Hintentry                      intentry       000000
__Hintret                        intret         000000
__Hintsave_regs                  intsave_regs   000000
__Hirdata                        irdata         000000
__Hmediumconst                   mediumconst    000000
__HnvFARRAM                      nvFARRAM       000000
__Hnvbit                         nvbit          000000
__Hnvrram                        nvrram         000000
__Hparam                         rparam         000000
__Hpowerup                       powerup        000000
__Hram                           ram            000000
__Hramtop                        ramtop         000E00
__Hrbit                          rbit           000000
__Hrbss                          rbss           000000
__Hrdata                         rdata          000000
__Hreset_vec                     reset_vec      000000
__Hrparam                        rparam         000000
__Hsfr                           sfr            000000
__Hsmallconst                    smallconst     000000
__Hspace_0                       (abs)          30000C
__Hspace_1                       (abs)          0000CD
__Hspace_2                       (abs)          000000
__Hstack                         stack          000000
__Hstruct                        struct         000000
__Htemp                          temp           000000
__Htext                          text           000000
__Htext0                         text0          000000
__Htext1                         text1          000000
__Htext10                        text10         000000
__Htext2                         text2          000000
__Htext3                         text3          000000
__Htext6                         text6          000000
__Htext7                         text7          000000
__Htext8                         text8          000000
__Htext9                         text9          000000
__LRAM                           (abs)          000001
__L_high_isr_text                _high_isr_text 000008
__L_low_isr_text                 _low_isr_text  000018
__Labs1                          abs1           000000
__Lbank0                         bank0          000000
__Lbank1                         bank1          000000
__Lbank10                        bank10         000000
__Lbank11                        bank11         000000
__Lbank12                        bank12         000000
__Lbank13                        bank13         000000
__Lbank2                         bank2          000000
__Lbank3                         bank3          000000
__Lbank4                         bank4          000000
__Lbank5                         bank5          000000
__Lbank6                         bank6          000000
__Lbank7                         bank7          000000
__Lbank8                         bank8          000000
__Lbank9                         bank9          000000
__Lbigbss                        bigbss         000000
__Lbigdata                       bigdata        000000
__Lbigram                        bigram         000000
__Lbss                           bss            000000
__LbssBANK0                      bssBANK0       000000
__LbssCOMRAM                     bssCOMRAM      000000
__Lcinit                         cinit          000000
__Lclrtext                       clrtext        000000
__Lcomram                        comram         000000
__Lconfig                        config         300000
__Lconst                         const          000000
__LcstackCOMRAM                  cstackCOMRAM   000000
__Ldata                          data           000000
__LdataBANK0                     dataBANK0      000000
__LdataCOMRAM                    dataCOMRAM     000000
__Leeprom_data                   eeprom_data    000000
__Lfarbss                        farbss         000000
__Lfardata                       fardata        000000
__Libigdata                      ibigdata       000000
__Lidata                         idata          000000
__LidataBANK0                    idataBANK0     000000
__LidataCOMRAM                   idataCOMRAM    000000
__Lidloc                         idloc          200000
__Lifardata                      ifardata       000000
__Linit                          init           000000
__Lintcode                       intcode        000000
__Lintcode_body                  intcode_body   000000
__Lintcodelo                     intcodelo      000000
__Lintentry                      intentry       000000
__Lintret                        intret         000000
__Lintsave_regs                  intsave_regs   000000
__Lirdata                        irdata         000000
__Lmediumconst                   mediumconst    000000
__LnvFARRAM                      nvFARRAM       000000
__Lnvbit                         nvbit          000000
__Lnvrram                        nvrram         000000
__Lparam                         rparam         000000
__Lpowerup                       powerup        000000
__Lram                           ram            000000
__Lramtop                        ramtop         000E00
__Lrbit                          rbit           000000
__Lrbss                          rbss           000000
__Lrdata                         rdata          000000
__Lreset_vec                     reset_vec      000000
__Lrparam                        rparam         000000
__Lsfr                           sfr            000000
__Lsmallconst                    smallconst     000000
__Lspace_0                       (abs)          000000
__Lspace_1                       (abs)          000000
__Lspace_2                       (abs)          000000
__Lstack                         stack          000000
__Lstruct                        struct         000000
__Ltemp                          temp           000000
__Ltext                          text           000000
__Ltext0                         text0          000000
__Ltext1                         text1          000000
__Ltext10                        text10         000000
__Ltext2                         text2          000000
__Ltext3                         text3          000000
__Ltext6                         text6          000000
__Ltext7                         text7          000000
__Ltext8                         text8          000000
__Ltext9                         text9          000000
__S0                             (abs)          30000C
__S1                             (abs)          0000CD
__S2                             (abs)          000000
___awdiv                         text7          0005C0
___awdiv@counter                 cstackCOMRAM   00002D
___awdiv@dividend                cstackCOMRAM   000029
___awdiv@divisor                 cstackCOMRAM   00002B
___awdiv@quotient                cstackCOMRAM   00002F
___awdiv@sign                    cstackCOMRAM   00002E
___inthi_sp                      stack          000000
___intlo_sp                      stack          000000
___param_bank                    (abs)          000000
___rparam_used                   (abs)          000001
___sp                            stack          000000
__accesstop                      (abs)          000060
__activetblptr                   (abs)          000000
__end_of_FLASH_EraseBlock        text10         000758
__end_of_FLASH_WriteBlock        text8          000522
__end_of_FLASH_WriteBlock2       text9          00047A
__end_of_SendCharUSB             text3          0007C2
__end_of___awdiv                 text7          000644
__end_of__initialization         cinit          0006A0
__end_of_hexToInt8               text6          0005C0
__end_of_high_isr                _high_isr_text 00000E
__end_of_low_isr                 _low_isr_text  00001E
__end_of_main                    text0          0003AC
__end_of_showError               text1          00072E
__end_of_showText                text2          0007A8
__initialization                 cinit          000644
__p_high_isr_text                _high_isr_text 000008
__p_low_isr_text                 _low_isr_text  000018
__pbssBANK0                      bssBANK0       0000BD
__pbssCOMRAM                     bssCOMRAM      00004A
__pcinit                         cinit          000644
__pcstackCOMRAM                  cstackCOMRAM   000029
__pdataBANK0                     dataBANK0      000060
__pdataCOMRAM                    dataCOMRAM     000001
__pidataBANK0                    idataBANK0     0006A6
__pidataCOMRAM                   idataCOMRAM    000758
__ptext0                         text0          00001E
__ptext1                         text1          000704
__ptext10                        text10         00072E
__ptext2                         text2          000780
__ptext3                         text3          0007A8
__ptext6                         text6          000522
__ptext7                         text7          0005C0
__ptext8                         text8          00047A
__ptext9                         text9          0003AC
__ramtop                         ramtop         000E00
__size_of_FLASH_EraseBlock       (abs)          000000
__size_of_FLASH_WriteBlock       (abs)          000000
__size_of_FLASH_WriteBlock2      (abs)          000000
__size_of_SendCharUSB            (abs)          000000
__size_of___awdiv                (abs)          000000
__size_of_hexToInt8              (abs)          000000
__size_of_high_isr               (abs)          000000
__size_of_low_isr                (abs)          000000
__size_of_main                   (abs)          000000
__size_of_showError              (abs)          000000
__size_of_showText               (abs)          000000
_a                               bssCOMRAM      00004D
_c                               bssCOMRAM      000054
_cs                              bssCOMRAM      000053
_d                               bssBANK0       0000BD
_error                           bssCOMRAM      000052
_error1                          dataCOMRAM     000019
_error2                          dataBANK0      00007B
_error_EOF                       dataCOMRAM     000025
_error_address                   dataCOMRAM     000009
_error_checksum                  dataBANK0      0000B4
_error_colon                     dataBANK0      0000A9
_error_command                   dataCOMRAM     000001
_error_cts                       dataCOMRAM     000011
_error_dataSize                  dataCOMRAM     000020
_error_invalidChar               dataBANK0      00009D
_hello                           dataBANK0      000060
_hexToInt8                       text6          000522
_high_isr                        _high_isr_text 000008
_high_isr_absaddr                (abs)          000008
_i                               bssCOMRAM      000057
_lastErasedPage                  bssCOMRAM      00004A
_low_isr                         _low_isr_text  000018
_low_isr_absaddr                 (abs)          000018
_main                            text0          00001E
_s                               bssCOMRAM      000055
_showError                       text1          000704
_showText                        text2          000780
_t                               bssCOMRAM      000050
_w                               bssCOMRAM      000056
end_of_initialization            cinit          0006A0
hexToInt8@i                      cstackCOMRAM   00002B
hexToInt8@ret                    cstackCOMRAM   00002A
intlevel0                        text           000000
intlevel1                        text           000000
intlevel2                        text           000000
intlevel3                        text           000000
main@p                           cstackCOMRAM   000049
showError@t                      cstackCOMRAM   00002C
showText@t                       cstackCOMRAM   00002A
stackhi                          (abs)          000DE9
stacklo                          (abs)          0000CD
start                            init           000000
start_initialization             cinit          000644


FUNCTION INFORMATION:

 *************** function _main *****************
 Defined at:
		line 68 in file "main.c"
 Parameters:    Size  Location     Type
		None
 Auto vars:     Size  Location     Type
  p               1   32[COMRAM] unsigned char 
 Return value:  Size  Location     Type
                  1    wreg      void 
 Registers used:
		wreg, fsr2l, fsr2h, status,2, status,0, prodl, prodh, cstack
 Tracked objects:
		On entry : 
		On exit  : 
		Unchanged: 
 Data sizes:     COMRAM   BANK0   BANK1   BANK2   BANK3   BANK4   BANK5   BANK6   BANK7   BANK8   BANK9  BANK10  BANK11  BANK12  BANK13
      Params:         0       0       0       0       0       0       0       0       0       0       0       0       0       0       0
      Locals:         1       0       0       0       0       0       0       0       0       0       0       0       0       0       0
      Temps:          6       0       0       0       0       0       0       0       0       0       0       0       0       0       0
      Totals:         7       0       0       0       0       0       0       0       0       0       0       0       0       0       0
Total ram usage:        7 bytes
 Hardware stack levels required when called:    3
 This function calls:
		_FLASH_WriteBlock
		_SendCharUSB
		___awdiv
		_hexToInt8
		_high_isr
		_low_isr
		_showError
		_showText
 This function is called by:
		Startup code after reset
 This function uses a non-reentrant model


 *************** function _showError *****************
 Defined at:
		line 492 in file "main.c"
 Parameters:    Size  Location     Type
  t               2    3[COMRAM] PTR unsigned char 
		 -> error_invalidChar(12), error_dataSize(5), error_command(8), error_address(8), 
		 -> error_EOF(4), error_checksum(9), error_colon(11), error_cts(8), 
 Auto vars:     Size  Location     Type
		None
 Return value:  Size  Location     Type
                  1    wreg      void 
 Registers used:
		wreg, fsr2l, fsr2h, status,2, status,0, cstack
 Tracked objects:
		On entry : 
		On exit  : 
		Unchanged: 
 Data sizes:     COMRAM   BANK0   BANK1   BANK2   BANK3   BANK4   BANK5   BANK6   BANK7   BANK8   BANK9  BANK10  BANK11  BANK12  BANK13
      Params:         2       0       0       0       0       0       0       0       0       0       0       0       0       0       0
      Locals:         0       0       0       0       0       0       0       0       0       0       0       0       0       0       0
      Temps:          0       0       0       0       0       0       0       0       0       0       0       0       0       0       0
      Totals:         2       0       0       0       0       0       0       0       0       0       0       0       0       0       0
Total ram usage:        2 bytes
 Hardware stack levels used:    1
 Hardware stack levels required when called:    2
 This function calls:
		_showText
 This function is called by:
		_main
 This function uses a non-reentrant model


 *************** function _showText *****************
 Defined at:
		line 500 in file "main.c"
 Parameters:    Size  Location     Type
  t               2    1[COMRAM] PTR unsigned char 
		 -> error1(7), error_invalidChar(12), error_dataSize(5), error_command(8), 
		 -> error_address(8), error_EOF(4), error2(20), OK(14), 
		 -> error_checksum(9), error_colon(11), error_cts(8), hello(27), 
 Auto vars:     Size  Location     Type
		None
 Return value:  Size  Location     Type
                  1    wreg      void 
 Registers used:
		wreg, fsr2l, fsr2h, status,2, status,0, cstack
 Tracked objects:
		On entry : 
		On exit  : 
		Unchanged: 
 Data sizes:     COMRAM   BANK0   BANK1   BANK2   BANK3   BANK4   BANK5   BANK6   BANK7   BANK8   BANK9  BANK10  BANK11  BANK12  BANK13
      Params:         2       0       0       0       0       0       0       0       0       0       0       0       0       0       0
      Locals:         0       0       0       0       0       0       0       0       0       0       0       0       0       0       0
      Temps:          0       0       0       0       0       0       0       0       0       0       0       0       0       0       0
      Totals:         2       0       0       0       0       0       0       0       0       0       0       0       0       0       0
Total ram usage:        2 bytes
 Hardware stack levels used:    1
 Hardware stack levels required when called:    1
 This function calls:
		_SendCharUSB
 This function is called by:
		_main
		_showError
 This function uses a non-reentrant model


 *************** function _SendCharUSB *****************
 Defined at:
		line 471 in file "main.c"
 Parameters:    Size  Location     Type
  d               1    wreg     unsigned char 
 Auto vars:     Size  Location     Type
  d               1    0[COMRAM] unsigned char 
 Return value:  Size  Location     Type
                  1    wreg      void 
 Registers used:
		wreg
 Tracked objects:
		On entry : 
		On exit  : 
		Unchanged: 
 Data sizes:     COMRAM   BANK0   BANK1   BANK2   BANK3   BANK4   BANK5   BANK6   BANK7   BANK8   BANK9  BANK10  BANK11  BANK12  BANK13
      Params:         0       0       0       0       0       0       0       0       0       0       0       0       0       0       0
      Locals:         1       0       0       0       0       0       0       0       0       0       0       0       0       0       0
      Temps:          0       0       0       0       0       0       0       0       0       0       0       0       0       0       0
      Totals:         1       0       0       0       0       0       0       0       0       0       0       0       0       0       0
Total ram usage:        1 bytes
 Hardware stack levels used:    1
 This function calls:
		Nothing
 This function is called by:
		_main
		_showText
 This function uses a non-reentrant model


 *************** function _low_isr *****************
 Defined at:
		line 547 in file "main.c"
 Parameters:    Size  Location     Type
		None
 Auto vars:     Size  Location     Type
		None
 Return value:  Size  Location     Type
                  1    wreg      void 
 Registers used:
		None
 Tracked objects:
		On entry : 
		On exit  : 
		Unchanged: 
 Data sizes:     COMRAM   BANK0   BANK1   BANK2   BANK3   BANK4   BANK5   BANK6   BANK7   BANK8   BANK9  BANK10  BANK11  BANK12  BANK13
      Params:         0       0       0       0       0       0       0       0       0       0       0       0       0       0       0
      Locals:         0       0       0       0       0       0       0       0       0       0       0       0       0       0       0
      Temps:          0       0       0       0       0       0       0       0       0       0       0       0       0       0       0
      Totals:         0       0       0       0       0       0       0       0       0       0       0       0       0       0       0
Total ram usage:        0 bytes
 Hardware stack levels used:    1
 This function calls:
		Nothing
 This function is called by:
		_main
 This function uses a non-reentrant model


 *************** function _high_isr *****************
 Defined at:
		line 542 in file "main.c"
 Parameters:    Size  Location     Type
		None
 Auto vars:     Size  Location     Type
		None
 Return value:  Size  Location     Type
                  1    wreg      void 
 Registers used:
		None
 Tracked objects:
		On entry : 
		On exit  : 
		Unchanged: 
 Data sizes:     COMRAM   BANK0   BANK1   BANK2   BANK3   BANK4   BANK5   BANK6   BANK7   BANK8   BANK9  BANK10  BANK11  BANK12  BANK13
      Params:         0       0       0       0       0       0       0       0       0       0       0       0       0       0       0
      Locals:         0       0       0       0       0       0       0       0       0       0       0       0       0       0       0
      Temps:          0       0       0       0       0       0       0       0       0       0       0       0       0       0       0
      Totals:         0       0       0       0       0       0       0       0       0       0       0       0       0       0       0
Total ram usage:        0 bytes
 Hardware stack levels used:    1
 This function calls:
		Nothing
 This function is called by:
		_main
 This function uses a non-reentrant model


 *************** function _hexToInt8 *****************
 Defined at:
		line 446 in file "main.c"
 Parameters:    Size  Location     Type
		None
 Auto vars:     Size  Location     Type
  i               1    2[COMRAM] unsigned char 
  ret             1    1[COMRAM] unsigned char 
 Return value:  Size  Location     Type
                  1    wreg      unsigned char 
 Registers used:
		wreg, fsr2l, fsr2h, status,2, status,0, prodl, prodh
 Tracked objects:
		On entry : 
		On exit  : 
		Unchanged: 
 Data sizes:     COMRAM   BANK0   BANK1   BANK2   BANK3   BANK4   BANK5   BANK6   BANK7   BANK8   BANK9  BANK10  BANK11  BANK12  BANK13
      Params:         0       0       0       0       0       0       0       0       0       0       0       0       0       0       0
      Locals:         2       0       0       0       0       0       0       0       0       0       0       0       0       0       0
      Temps:          1       0       0       0       0       0       0       0       0       0       0       0       0       0       0
      Totals:         3       0       0       0       0       0       0       0       0       0       0       0       0       0       0
Total ram usage:        3 bytes
 Hardware stack levels used:    1
 This function calls:
		Nothing
 This function is called by:
		_main
 This function uses a non-reentrant model


 *************** function ___awdiv *****************
 Defined at:
		line 7 in file "C:\Program Files (x86)\Microchip\xc8\v2.00\pic\sources\c99\common\awdiv.c"
 Parameters:    Size  Location     Type
  dividend        2    0[COMRAM] int 
  divisor         2    2[COMRAM] int 
 Auto vars:     Size  Location     Type
  quotient        2    6[COMRAM] int 
  sign            1    5[COMRAM] unsigned char 
  counter         1    4[COMRAM] unsigned char 
 Return value:  Size  Location     Type
                  2    0[COMRAM] int 
 Registers used:
		wreg, status,2, status,0
 Tracked objects:
		On entry : 
		On exit  : 
		Unchanged: 
 Data sizes:     COMRAM   BANK0   BANK1   BANK2   BANK3   BANK4   BANK5   BANK6   BANK7   BANK8   BANK9  BANK10  BANK11  BANK12  BANK13
      Params:         4       0       0       0       0       0       0       0       0       0       0       0       0       0       0
      Locals:         4       0       0       0       0       0       0       0       0       0       0       0       0       0       0
      Temps:          0       0       0       0       0       0       0       0       0       0       0       0       0       0       0
      Totals:         8       0       0       0       0       0       0       0       0       0       0       0       0       0       0
Total ram usage:        8 bytes
 Hardware stack levels used:    1
 This function calls:
		Nothing
 This function is called by:
		_main
 This function uses a non-reentrant model


 *************** function _FLASH_WriteBlock *****************
 Defined at:
		line 427 in file "main.c"
 Parameters:    Size  Location     Type
  writeAddrSta    3   14[COMRAM] unsigned um
  size            1   17[COMRAM] unsigned char 
  flashWrBufPt    2   18[COMRAM] PTR unsigned char 
		 -> d(16), 
 Auto vars:     Size  Location     Type
  size1           1   25[COMRAM] unsigned char 
  adr2            1   24[COMRAM] unsigned char 
 Return value:  Size  Location     Type
                  1    wreg      void 
 Registers used:
		wreg, fsr2l, fsr2h, status,2, status,0, prodl, prodh, cstack
 Tracked objects:
		On entry : 
		On exit  : 
		Unchanged: 
 Data sizes:     COMRAM   BANK0   BANK1   BANK2   BANK3   BANK4   BANK5   BANK6   BANK7   BANK8   BANK9  BANK10  BANK11  BANK12  BANK13
      Params:         6       0       0       0       0       0       0       0       0       0       0       0       0       0       0
      Locals:         2       0       0       0       0       0       0       0       0       0       0       0       0       0       0
      Temps:          4       0       0       0       0       0       0       0       0       0       0       0       0       0       0
      Totals:        12       0       0       0       0       0       0       0       0       0       0       0       0       0       0
Total ram usage:       12 bytes
 Hardware stack levels used:    1
 Hardware stack levels required when called:    2
 This function calls:
		_FLASH_WriteBlock2
 This function is called by:
		_main
 This function uses a non-reentrant model


 *************** function _FLASH_WriteBlock2 *****************
 Defined at:
		line 355 in file "main.c"
 Parameters:    Size  Location     Type
  writeAddrSta    3    3[COMRAM] unsigned um
  size            1    6[COMRAM] unsigned char 
  flashWrBufPt    2    7[COMRAM] PTR unsigned char 
		 -> d(16), 
 Auto vars:     Size  Location     Type
  dddd            1   13[COMRAM] unsigned char 
  iii             1   12[COMRAM] unsigned char 
 Return value:  Size  Location     Type
                  1    wreg      void 
 Registers used:
		wreg, fsr2l, fsr2h, status,2, status,0, prodl, prodh, cstack
 Tracked objects:
		On entry : 
		On exit  : 
		Unchanged: 
 Data sizes:     COMRAM   BANK0   BANK1   BANK2   BANK3   BANK4   BANK5   BANK6   BANK7   BANK8   BANK9  BANK10  BANK11  BANK12  BANK13
      Params:         6       0       0       0       0       0       0       0       0       0       0       0       0       0       0
      Locals:         2       0       0       0       0       0       0       0       0       0       0       0       0       0       0
      Temps:          3       0       0       0       0       0       0       0       0       0       0       0       0       0       0
      Totals:        11       0       0       0       0       0       0       0       0       0       0       0       0       0       0
Total ram usage:       11 bytes
 Hardware stack levels used:    1
 Hardware stack levels required when called:    1
 This function calls:
		_FLASH_EraseBlock
 This function is called by:
		_FLASH_WriteBlock
 This function uses a non-reentrant model


 *************** function _FLASH_EraseBlock *****************
 Defined at:
		line 287 in file "main.c"
 Parameters:    Size  Location     Type
  baseAddr        3    0[COMRAM] unsigned um
 Auto vars:     Size  Location     Type
		None
 Return value:  Size  Location     Type
                  1    wreg      void 
 Registers used:
		wreg, status,2, status,0
 Tracked objects:
		On entry : 
		On exit  : 
		Unchanged: 
 Data sizes:     COMRAM   BANK0   BANK1   BANK2   BANK3   BANK4   BANK5   BANK6   BANK7   BANK8   BANK9  BANK10  BANK11  BANK12  BANK13
      Params:         3       0       0       0       0       0       0       0       0       0       0       0       0       0       0
      Locals:         0       0       0       0       0       0       0       0       0       0       0       0       0       0       0
      Temps:          0       0       0       0       0       0       0       0       0       0       0       0       0       0       0
      Totals:         3       0       0       0       0       0       0       0       0       0       0       0       0       0       0
Total ram usage:        3 bytes
 Hardware stack levels used:    1
 This function calls:
		Nothing
 This function is called by:
		_FLASH_WriteBlock2
 This function uses a non-reentrant model



MODULE INFORMATION

Module		Function		Class		Link	Load	Size
C:\Program Files (x86)\Microchip\xc8\v2.00\pic\sources\c99\common\awdiv.c
		___awdiv       		CODE           	05C0	0000	133

C:\Program Files (x86)\Microchip\xc8\v2.00\pic\sources\c99\common\awdiv.c estimated size: 133

shared
		__initialization		CODE           	0644	0000	93

shared estimated size: 93

main.c
		_FLASH_EraseBlock		CODE           	072E	0000	43
		_showError     		CODE           	0704	0000	43
		_showText      		CODE           	0780	0000	41
		_main          		CODE           	001E	0000	911
		_high_isr      		CODE           	0008	0000	7
		_FLASH_WriteBlock		CODE           	047A	0000	169
		_SendCharUSB   		CODE           	07A8	0000	27
		_hexToInt8     		CODE           	0522	0000	159
		_low_isr       		CODE           	0018	0000	7
		_FLASH_WriteBlock2		CODE           	03AC	0000	207

main.c estimated size: 1614

