Microchip MPLAB XC8 Compiler V2.00 ()

Linker command line:

-W-3 --edf=C:\Program Files (x86)\Microchip\xc8\v2.00\pic\dat\en_msgs.txt \
  -cs -h+dist/XC8_18F67K40/production\BTKB.X.production.sym \
  --cmf=dist/XC8_18F67K40/production\BTKB.X.production.cmf -z -Q18LF67K40 \
  -oC:\Users\imada\AppData\Local\Temp\s48c.2 --defsym=__MPLAB_BUILD=1 \
  -Mdist/XC8_18F67K40/production/BTKB.X.production.map -E1 -ver=XC8 \
  --acfsm=1493 -ASTACK=050Fh-0de9h -pstack=STACK -ACODE=0800h-01FFFFh \
  -ACONST=0800h-01FFFFh -ASMALLCONST=0E00h-0EFFhx498 \
  -AMEDIUMCONST=0E00h-0FFFFh,010E00h-01FFFFh -ACOMRAM=01h-05Fh \
  -AABS1=00h-0DE9h -ABIGRAM=01h-0DE9h \
  -ARAM=060h-0FFh,0100h-01FFhx12,0D00h-0DE9h -ABANK0=060h-0FFh \
  -ABANK1=0100h-01FFh -ABANK2=0200h-02FFh -ABANK3=0300h-03FFh \
  -ABANK4=0400h-04FFh -ABANK5=0500h-05FFh -ABANK6=0600h-06FFh \
  -ABANK7=0700h-07FFh -ABANK8=0800h-08FFh -ABANK9=0900h-09FFh \
  -ABANK10=0A00h-0AFFh -ABANK11=0B00h-0BFFh -ABANK12=0C00h-0CFFh \
  -ABANK13=0D00h-0DE9h \
  -ASFR=0DEFh-0DFFh,0E00h-0EFFh,0F00h-0F5Fh,0F60h-0FFFh \
  -preset_vec=0800h,intcode=0808h,intcodelo=0818h,powerup,init \
  -pramtop=0E00h -psmallconst=SMALLCONST -pmediumconst=MEDIUMCONST \
  -pconst=CONST -AFARRAM=00h-00h -ACONFIG=0300000h-030000Bh -pconfig=CONFIG \
  -AIDLOC=0200000h-020000Fh -pidloc=IDLOC -AEEDATA=0310000h-03103FFh \
  -peeprom_data=EEDATA \
  -prdata=COMRAM,nvrram=COMRAM,nvbit=COMRAM,rbss=COMRAM,rbit=COMRAM \
  -pfarbss=FARRAM,fardata=FARRAM,nvFARRAM=FARRAM \
  -pintsave_regs=BIGRAM,bigbss=BIGRAM,bigdata=BIGRAM -pbss=RAM \
  -pidata=CODE,irdata=CODE,ibigdata=CODE,ifardata=CODE -prparam=COMRAM \
  C:\Users\imada\AppData\Local\Temp\s48c.o \
  dist/XC8_18F67K40/production\BTKB.X.production.o 

Object code version is 3.11

Machine type is 18LF67K40

Call graph: (short form)




                Name                               Link     Load   Length Selector   Space Scale
C:\Users\imada\AppData\Local\Temp\s48c.o
                init                                922      922        4      40C       0
                reset_vec                           800      800        4      400       0
                idloc                            200000   200000       10   200000       0
                config                           300000   300000        C   300000       0
dist/XC8_18F67K40/production\BTKB.X.production.o
                intcodelo                           818      818      10A      40C       0
                intcode                             808      808        6      404       0
                temp                                 48       48        1        1       1
                mediumconst                        F932     F932      6CE     7C99       0
                text63                            12A3A    12A3A        6     8000       0
                text62                            12A34    12A34        6     8000       0
                text61                            11ECC    11ECC       90     8000       0
                text60                            126C0    126C0       42     8000       0
                text59                            123C4    123C4       5C     8000       0
                intcode_body                      11384    11384      200     8000       0
                text57                            12A06    12A06        E     8000       0
                text56                            12A2A    12A2A        A     8000       0
                text55                            129F8    129F8        E     8000       0
                text54                            12A20    12A20        A     8000       0
                text53                            12908    12908       1E     8000       0
                text52                            1256E    1256E       46     8000       0
                text50                            1282A    1282A       2A     8000       0
                text49                            129D8    129D8       12     8000       0
                text48                            121C2    121C2       72     8000       0
                text47                            12742    12742       40     8000       0
                text46                            12986    12986       16     8000       0
                text45                            12524    12524       4A     8000       0
                text44                            1296E    1296E       18     8000       0
                text43                            12956    12956       18     8000       0
                text42                            1293E    1293E       18     8000       0
                text41                            129C4    129C4       14     8000       0
                text40                            11E28    11E28       A4     8000       0
                text39                            12926    12926       18     8000       0
                text38                            12066    12066       76     8000       0
                text37                            127C0    127C0       36     8000       0
                text36                            125F8    125F8       44     8000       0
                text35                            127F6    127F6       34     8000       0
                text34                            129B0    129B0       14     8000       0
                text33                            1267E    1267E       42     8000       0
                text32                            128EA    128EA       1E     8000       0
                text31                            128A4    128A4       28     8000       0
                text30                            1299C    1299C       14     8000       0
                text29                            12A14    12A14        C     8000       0
                text28                            12366    12366       5E     8000       0
                text27                            12478    12478       58     8000       0
                text26                            12308    12308       5E     8000       0
                text25                            1263C    1263C       42     8000       0
                text24                            11902    11902      1B6     8000       0
                text23                            122A2    122A2       66     8000       0
                text22                            11C9C    11C9C       D8     8000       0
                text21                            11F5C    11F5C       8A     8000       0
                text20                            128CC    128CC       1E     8000       0
                text19                            11BB6    11BB6       E6     8000       0
                text18                            12420    12420       58     8000       0
                text17                            12234    12234       6E     8000       0
                text16                            11158    11158      22C     8000       0
                text15                            1287C    1287C       28     8000       0
                text14                            12854    12854       28     8000       0
                text13                            120DC    120DC       74     8000       0
                text12                            124D0    124D0       54     8000       0
                text11                            125B4    125B4       44     8000       0
                text10                            12702    12702       40     8000       0
                text9                             11AB8    11AB8       FE     8000       0
                text8                             11FE6    11FE6       80     8000       0
                text7                             12150    12150       72     8000       0
                text6                             10000    10000      662     8000       0
                text5                             10F16    10F16      242     8000       0
                text4                             11748    11748      1BA     8000       0
                text3                             11584    11584      1C4     8000       0
                text2                             10C42    10C42      2D4     8000       0
                text1                             12782    12782       3E     8000       0
                text0                             10662    10662      5E0     8000       0
                cstackCOMRAM                          1        1       23        1       1
                cstackBANK0                          D7       D7       18       60       1
                cstackBANK5                         500      500        F      500       1
                bssBANK4                            400      400      100      400       1
                bssBANK3                            300      300      100      300       1
                bssBANK2                            200      200      100      200       1
                bssBANK1                            100      100      100      100       1
                dataBANK0                            EF       EF        E       60       1
                bssBANK0                             60       60       77       60       1
                dataCOMRAM                           45       45        3        1       1
                bssCOMRAM                            24       24       21        1       1
                cinit                             11D74    11D74       B4     8000       0
                idataBANK0                        129EA    129EA        E     8000       0
                idataCOMRAM                       12A40    12A40        3     8000       0

TOTAL           Name                               Link     Load   Length     Space
        CLASS   STACK          

        CLASS   CODE           
                intcodelo                           818      818      10A         0
                intcode                             808      808        6         0
                init                                922      922        4         0
                reset_vec                           800      800        4         0
                text63                            12A3A    12A3A        6         0
                text62                            12A34    12A34        6         0
                text61                            11ECC    11ECC       90         0
                text60                            126C0    126C0       42         0
                text59                            123C4    123C4       5C         0
                intcode_body                      11384    11384      200         0
                text57                            12A06    12A06        E         0
                text56                            12A2A    12A2A        A         0
                text55                            129F8    129F8        E         0
                text54                            12A20    12A20        A         0
                text53                            12908    12908       1E         0
                text52                            1256E    1256E       46         0
                text50                            1282A    1282A       2A         0
                text49                            129D8    129D8       12         0
                text48                            121C2    121C2       72         0
                text47                            12742    12742       40         0
                text46                            12986    12986       16         0
                text45                            12524    12524       4A         0
                text44                            1296E    1296E       18         0
                text43                            12956    12956       18         0
                text42                            1293E    1293E       18         0
                text41                            129C4    129C4       14         0
                text40                            11E28    11E28       A4         0
                text39                            12926    12926       18         0
                text38                            12066    12066       76         0
                text37                            127C0    127C0       36         0
                text36                            125F8    125F8       44         0
                text35                            127F6    127F6       34         0
                text34                            129B0    129B0       14         0
                text33                            1267E    1267E       42         0
                text32                            128EA    128EA       1E         0
                text31                            128A4    128A4       28         0
                text30                            1299C    1299C       14         0
                text29                            12A14    12A14        C         0
                text28                            12366    12366       5E         0
                text27                            12478    12478       58         0
                text26                            12308    12308       5E         0
                text25                            1263C    1263C       42         0
                text24                            11902    11902      1B6         0
                text23                            122A2    122A2       66         0
                text22                            11C9C    11C9C       D8         0
                text21                            11F5C    11F5C       8A         0
                text20                            128CC    128CC       1E         0
                text19                            11BB6    11BB6       E6         0
                text18                            12420    12420       58         0
                text17                            12234    12234       6E         0
                text16                            11158    11158      22C         0
                text15                            1287C    1287C       28         0
                text14                            12854    12854       28         0
                text13                            120DC    120DC       74         0
                text12                            124D0    124D0       54         0
                text11                            125B4    125B4       44         0
                text10                            12702    12702       40         0
                text9                             11AB8    11AB8       FE         0
                text8                             11FE6    11FE6       80         0
                text7                             12150    12150       72         0
                text6                             10000    10000      662         0
                text5                             10F16    10F16      242         0
                text4                             11748    11748      1BA         0
                text3                             11584    11584      1C4         0
                text2                             10C42    10C42      2D4         0
                text1                             12782    12782       3E         0
                text0                             10662    10662      5E0         0
                cinit                             11D74    11D74       B4         0
                idataBANK0                        129EA    129EA        E         0
                idataCOMRAM                       12A40    12A40        3         0

        CLASS   CONST          

        CLASS   SMALLCONST     

        CLASS   MEDIUMCONST    
                mediumconst                        F932     F932      6CE         0

        CLASS   COMRAM         
                temp                                 48       48        1         1
                cstackCOMRAM                          1        1       23         1
                dataCOMRAM                           45       45        3         1
                bssCOMRAM                            24       24       21         1

        CLASS   ABS1           

        CLASS   BIGRAM         

        CLASS   RAM            

        CLASS   BANK0          
                cstackBANK0                          D7       D7       18         1
                dataBANK0                            EF       EF        E         1
                bssBANK0                             60       60       77         1

        CLASS   BANK1          
                bssBANK1                            100      100      100         1

        CLASS   BANK2          
                bssBANK2                            200      200      100         1

        CLASS   BANK3          
                bssBANK3                            300      300      100         1

        CLASS   BANK4          
                bssBANK4                            400      400      100         1

        CLASS   BANK5          
                cstackBANK5                         500      500        F         1

        CLASS   BANK6          

        CLASS   BANK7          

        CLASS   BANK8          

        CLASS   BANK9          

        CLASS   BANK10         

        CLASS   BANK11         

        CLASS   BANK12         

        CLASS   BANK13         

        CLASS   SFR            

        CLASS   FARRAM         

        CLASS   CONFIG         
                config                           300000   300000        C         0

        CLASS   IDLOC          
                idloc                            200000   200000       10         0

        CLASS   EEDATA         



SEGMENTS        Name                           Load    Length   Top    Selector   Space  Class

                cstackCOMRAM                   000001  000048  000049         1       1  COMRAM  
                bssBANK0                       000060  00009D  0000FD        60       1  BANK0   
                bssBANK1                       000100  000100  000200       100       1  BANK1   
                bssBANK2                       000200  000100  000300       200       1  BANK2   
                bssBANK3                       000300  000100  000400       300       1  BANK3   
                bssBANK4                       000400  000100  000500       400       1  BANK4   
                cstackBANK5                    000500  00000F  00050F       500       1  BANK5   
                reset_vec                      000800  000004  000804       400       0  CODE    
                intcode                        000808  000006  00080E       404       0  CODE    
                intcodelo                      000818  00010E  000926       40C       0  CODE    
                mediumconst                    00F932  0006CE  010000      7C99       0  MEDIUMCO
                text6                          010000  002A43  012A43      8000       0  CODE    
                idloc                          200000  000010  200010    200000       0  IDLOC   
                config                         300000  00000C  30000C    300000       0  CONFIG  


UNUSED ADDRESS RANGES

        Name                Unused          Largest block    Delta
        BANK0            0000FD-0000FF                3
        BANK10           000A00-000AFF              100
        BANK11           000B00-000BFF              100
        BANK12           000C00-000CFF              100
        BANK13           000D00-000DE9               EA
        BANK5            00050F-0005FF               F1
        BANK6            000600-0006FF              100
        BANK7            000700-0007FF              100
        BANK8            000800-0008FF              100
        BANK9            000900-0009FF              100
        BIGRAM           000049-00005F               17
                         0000FD-0000FF                3
                         00050F-000DE9              8DB
        CODE             000804-000807                4
                         00080E-000817                A
                         000926-00F931             F00C
                         012A43-01FFFF             D5BD
        COMRAM           000049-00005F               17
        CONST            000804-000807                4
                         00080E-000817                A
                         000926-00F931             F00C
                         012A43-01FFFF             D5BD
        EEDATA           310000-3103FF              400
        FARRAM           000000-000000                1
        MEDIUMCONST      000E00-00F931             EB32
                         012A43-01FFFF             D5BD
        RAM              0000FD-0000FF                3
                         00050F-000DE9              100
        SFR              000DEF-000FFF              100
        SMALLCONST       000E00-00F931              100
                         012A43-01FFFF              100
        STACK            00050F-000DE9              8DB

                                  Symbol Table

?_ADCC_GetSingleConversion         cstackBANK0  0000D7
?_GetFuel                          cstackBANK0  0000DD
?___lmul                           cstackBANK0  0000D7
?___lwdiv                          cstackBANK0  0000D7
?___lwmod                          cstackBANK0  0000DE
?___wmul                           cstackBANK0  0000D7
?_strlen                           cstackCOMRAM 000001
ADCC_GetSingleConversion@channel   cstackBANK0  0000DB
EUSART2_Write@txData               cstackCOMRAM 000015
EUSART5_Write@txData               cstackCOMRAM 000015
GetChgState@ret                    cstackBANK0  0000D7
GetFuel@c                          cstackBANK0  0000E4
GetFuel@r                          cstackBANK0  0000E0
GetFuel@ret                        cstackBANK0  0000E2
InitUiBoardIO@c                    cstackBANK0  0000D7
ReadEEPROM@GIE_t                   cstackBANK0  0000D9
ReadEEPROM@address                 cstackBANK0  0000D7
ReadEEPROM@d                       cstackBANK0  0000DA
SendCharBT@d                       cstackCOMRAM 000016
SendCharUSB@d                      cstackCOMRAM 000016
WriteEEPROM@GIE_t                  cstackBANK0  0000DA
WriteEEPROM@address                cstackBANK0  0000D7
WriteEEPROM@d                      cstackBANK0  0000D9
_ADACQ                             (abs)        000F5C
_ADACT                             (abs)        000F56
_ADCAP                             (abs)        000F5D
_ADCC_GetSingleConversion          text15       01287C
_ADCC_Initialize                   text45       012524
_ADCLK                             (abs)        000F57
_ADCON0                            (abs)        000F60
_ADCON0bits                        (abs)        000F60
_ADCON1                            (abs)        000F59
_ADCON2                            (abs)        000F5A
_ADCON3                            (abs)        000F5B
_ADLTHH                            (abs)        000F6B
_ADLTHL                            (abs)        000F6A
_ADPCH                             (abs)        000F5F
_ADREF                             (abs)        000F58
_ADRESH                            (abs)        000F64
_ADRESL                            (abs)        000F63
_ADRPT                             (abs)        000F66
_ADSTAT                            (abs)        000F65
_ADSTPTH                           (abs)        000F69
_ADSTPTL                           (abs)        000F68
_ADUTHH                            (abs)        000F6D
_ADUTHL                            (abs)        000F6C
_ANSELA                            (abs)        000E92
_ANSELB                            (abs)        000E9A
_ANSELD                            (abs)        000EA7
_ANSELE                            (abs)        000EAF
_ANSELF                            (abs)        000EB4
_ANSELG                            (abs)        000EBC
_BAUD2CON                          (abs)        000EF7
_BAUD5CON                          (abs)        000EE2
_BtConnected                       bssBANK0     000088
_BtGPIO5LowCount                   bssBANK0     000086
_ConfigureOscillator               text44       01296E
_EUSART2_Initialize                text43       012956
_EUSART2_Read                      text63       012A3A
_EUSART2_Write                     text57       012A06
_EUSART5_Initialize                text42       01293E
_EUSART5_Read                      text62       012A34
_EUSART5_Write                     text55       0129F8
_FVRCON                            (abs)        000EC4
_GetChgState                       text50       01282A
_GetFuel                           text13       0120DC
_INLVLA                            (abs)        000E8E
_INLVLB                            (abs)        000E96
_INLVLC                            (abs)        000E9E
_INLVLD                            (abs)        000EA3
_INLVLE                            (abs)        000EAB
_INLVLF                            (abs)        000EB0
_INLVLG                            (abs)        000EB8
_INLVLH                            (abs)        000EBD
_INT2PPSbits                       (abs)        000DF2
_INTCONbits                        (abs)        000FF2
_IOCBF                             (abs)        000E93
_IOCBN                             (abs)        000E94
_IOCEF                             (abs)        000EA8
_IOCEN                             (abs)        000EA9
_IPR0bits                          (abs)        000E1F
_IPR3bits                          (abs)        000E22
_IPR4bits                          (abs)        000E23
_IPR5bits                          (abs)        000E24
_InitApp                           text46       012986
_InitApp2                          text38       012066
_InitMainBoardIO                   text41       0129C4
_InitUiBoardIO                     text40       011E28
_LATA                              (abs)        000F79
_LATA1                             (abs)        007BC9
_LATA4                             (abs)        007BCC
_LATA5                             (abs)        007BCD
_LATB                              (abs)        000F7A
_LATC                              (abs)        000F7B
_LATD                              (abs)        000F7C
_LATE                              (abs)        000F7D
_LATF                              (abs)        000F7E
_LATF0                             (abs)        007BF0
_LATF3                             (abs)        007BF3
_LATF4                             (abs)        007BF4
_LATG                              (abs)        000F7F
_LATH                              (abs)        000F80
_LATHbits                          (abs)        000F80
_NVMADR                            (abs)        000F74
_NVMCON1bits                       (abs)        000F77
_NVMCON2                           (abs)        000F78
_NVMDAT                            (abs)        000F76
_ODCONA                            (abs)        000E90
_ODCONB                            (abs)        000E98
_ODCONC                            (abs)        000EA0
_ODCOND                            (abs)        000EA5
_ODCONE                            (abs)        000EAD
_ODCONF                            (abs)        000EB2
_ODCONG                            (abs)        000EBA
_ODCONH                            (abs)        000EBF
_OSCCON1                           (abs)        000E43
_OSCCON3                           (abs)        000E45
_OSCEN                             (abs)        000E47
_OSCFRQ                            (abs)        000E49
_OSCTUNE                           (abs)        000E48
_PIE0bits                          (abs)        000E29
_PIE3bits                          (abs)        000E2C
_PIE4bits                          (abs)        000E2D
_PIE5bits                          (abs)        000E2E
_PIR0bits                          (abs)        000E33
_PIR3bits                          (abs)        000E36
_PIR4bits                          (abs)        000E37
_PIR5bits                          (abs)        000E38
_PMD0                              (abs)        000E4C
_PMD0bits                          (abs)        000E4C
_PMD1                              (abs)        000E4D
_PMD2                              (abs)        000E4E
_PMD3                              (abs)        000E4F
_PMD4                              (abs)        000E50
_PMD5                              (abs)        000E51
_PMD_AllOff                        text49       0129D8
_PMD_Initialize                    text39       012926
_PORTB                             (abs)        000F8A
_PORTD                             (abs)        000F8C
_PORTE                             (abs)        000F8D
_RC2REG                            (abs)        000EF1
_RC2STA                            (abs)        000EF5
_RC2STAbits                        (abs)        000EF5
_RC5REG                            (abs)        000EDC
_RC5STA                            (abs)        000EE0
_RC5STAbits                        (abs)        000EE0
_RD6                               (abs)        007C66
_RD7                               (abs)        007C67
_RF0                               (abs)        007C70
_RF1                               (abs)        007C71
_RF2                               (abs)        007C72
_RF3                               (abs)        007C73
_RF5                               (abs)        007C75
_RF6                               (abs)        007C76
_RF7                               (abs)        007C77
_RG1PPS                            (abs)        000E83
_RG3PPS                            (abs)        000E85
_RX2PPSbits                        (abs)        000E11
_RX5PPSbits                        (abs)        000E17
_ReadEEPROM                        text37       0127C0
_SLRCONA                           (abs)        000E8F
_SLRCONB                           (abs)        000E97
_SLRCONC                           (abs)        000E9F
_SLRCOND                           (abs)        000EA4
_SLRCONE                           (abs)        000EAC
_SLRCONF                           (abs)        000EB1
_SLRCONG                           (abs)        000EB9
_SLRCONH                           (abs)        000EBE
_SP2BRGH                           (abs)        000EF4
_SP2BRGL                           (abs)        000EF3
_SP5BRGH                           (abs)        000EDF
_SP5BRGL                           (abs)        000EDE
_SendCharBT                        text56       012A2A
_SendCharUSB                       text54       012A20
_StandbyMainBoardIO                text48       0121C2
_StandbyUiBoardIO                  text47       012742
_T1CON                             (abs)        000FCF
_T3CON                             (abs)        000FC9
_TMR1CLK                           (abs)        000FD2
_TMR1H                             (abs)        000FCE
_TMR3CLK                           (abs)        000FCC
_TMR3H                             (abs)        000FC8
_TRISA                             (abs)        000F81
_TRISB                             (abs)        000F82
_TRISC                             (abs)        000F83
_TRISD                             (abs)        000F84
_TRISE                             (abs)        000F85
_TRISF                             (abs)        000F86
_TRISF2                            (abs)        007C32
_TRISF3                            (abs)        007C33
_TRISG                             (abs)        000F87
_TRISH                             (abs)        000F88
_TX2REG                            (abs)        000EF2
_TX2STA                            (abs)        000EF6
_TX5REG                            (abs)        000EDD
_TX5STA                            (abs)        000EE1
_TXSTA2bits                        (abs)        000EF6
_TXSTA5bits                        (abs)        000EE1
_WPUA                              (abs)        000E91
_WPUB                              (abs)        000E99
_WPUC                              (abs)        000EA1
_WPUD                              (abs)        000EA6
_WPUE                              (abs)        000EAE
_WPUF                              (abs)        000EB3
_WPUF3                             (abs)        00759B
_WPUG                              (abs)        000EBB
_WPUH                              (abs)        000EC0
_WriteEEPROM                       text36       0125F8
__CFG_BOREN$OFF                    (abs)        000000
__CFG_BORV$VBOR_285                (abs)        000000
__CFG_CLKOUTEN$OFF                 (abs)        000000
__CFG_CP$OFF                       (abs)        000000
__CFG_CPD$OFF                      (abs)        000000
__CFG_CSWEN$ON                     (abs)        000000
__CFG_DEBUG$OFF                    (abs)        000000
__CFG_EBTR0$OFF                    (abs)        000000
__CFG_EBTR1$OFF                    (abs)        000000
__CFG_EBTR2$OFF                    (abs)        000000
__CFG_EBTR3$OFF                    (abs)        000000
__CFG_EBTR4$OFF                    (abs)        000000
__CFG_EBTR5$OFF                    (abs)        000000
__CFG_EBTR6$OFF                    (abs)        000000
__CFG_EBTR7$OFF                    (abs)        000000
__CFG_EBTRB$OFF                    (abs)        000000
__CFG_FCMEN$OFF                    (abs)        000000
__CFG_FEXTOSC$OFF                  (abs)        000000
__CFG_LPBOREN$ON                   (abs)        000000
__CFG_LVP$OFF                      (abs)        000000
__CFG_MCLRE$INTMCLR                (abs)        000000
__CFG_PPS1WAY$OFF                  (abs)        000000
__CFG_PWRTE$OFF                    (abs)        000000
__CFG_RSTOSC$HFINTOSC_1MHZ         (abs)        000000
__CFG_SCANE$OFF                    (abs)        000000
__CFG_STVREN$ON                    (abs)        000000
__CFG_WDTCCS$SC                    (abs)        000000
__CFG_WDTCPS$WDTCPS_31             (abs)        000000
__CFG_WDTCWS$WDTCWS_7              (abs)        000000
__CFG_WDTE$OFF                     (abs)        000000
__CFG_WRT0$OFF                     (abs)        000000
__CFG_WRT1$OFF                     (abs)        000000
__CFG_WRT2$OFF                     (abs)        000000
__CFG_WRT3$OFF                     (abs)        000000
__CFG_WRT4$OFF                     (abs)        000000
__CFG_WRT5$OFF                     (abs)        000000
__CFG_WRT6$OFF                     (abs)        000000
__CFG_WRT7$OFF                     (abs)        000000
__CFG_WRTB$ON                      (abs)        000000
__CFG_WRTC$ON                      (abs)        000000
__CFG_WRTD$OFF                     (abs)        000000
__CFG_XINST$OFF                    (abs)        000000
__CFG_ZCD$OFF                      (abs)        000000
__HRAM                             (abs)        000000
__Habs1                            abs1         000000
__Hbank0                           bank0        000000
__Hbank1                           bank1        000000
__Hbank10                          bank10       000000
__Hbank11                          bank11       000000
__Hbank12                          bank12       000000
__Hbank13                          bank13       000000
__Hbank2                           bank2        000000
__Hbank3                           bank3        000000
__Hbank4                           bank4        000000
__Hbank5                           bank5        000000
__Hbank6                           bank6        000000
__Hbank7                           bank7        000000
__Hbank8                           bank8        000000
__Hbank9                           bank9        000000
__Hbigbss                          bigbss       000000
__Hbigdata                         bigdata      000000
__Hbigram                          bigram       000000
__Hbss                             bss          000000
__HbssBANK0                        bssBANK0     000000
__HbssBANK1                        bssBANK1     000000
__HbssBANK2                        bssBANK2     000000
__HbssBANK3                        bssBANK3     000000
__HbssBANK4                        bssBANK4     000000
__HbssCOMRAM                       bssCOMRAM    000000
__Hcinit                           cinit        000000
__Hclrtext                         clrtext      000000
__Hcomram                          comram       000000
__Hconfig                          config       30000C
__Hconst                           const        000000
__HcstackBANK0                     cstackBANK0  000000
__HcstackBANK5                     cstackBANK5  000000
__HcstackCOMRAM                    cstackCOMRAM 000000
__Hdata                            data         000000
__HdataBANK0                       dataBANK0    000000
__HdataCOMRAM                      dataCOMRAM   000000
__Heeprom_data                     eeprom_data  000000
__Hfarbss                          farbss       000000
__Hfardata                         fardata      000000
__Hibigdata                        ibigdata     000000
__Hidata                           idata        000000
__HidataBANK0                      idataBANK0   000000
__HidataCOMRAM                     idataCOMRAM  000000
__Hidloc                           idloc        200010
__Hifardata                        ifardata     000000
__Hinit                            init         000926
__Hintcode                         intcode      00080E
__Hintcode_body                    intcode_body 000000
__Hintcodelo                       intcodelo    000922
__Hintentry                        intentry     000000
__Hintret                          intret       000000
__Hintsave_regs                    intsave_regs 000000
__Hirdata                          irdata       000000
__Hmediumconst                     mediumconst  010000
__HnvFARRAM                        nvFARRAM     000000
__Hnvbit                           nvbit        000000
__Hnvrram                          nvrram       000000
__Hparam                           rparam       000000
__Hpowerup                         powerup      000922
__Hram                             ram          000000
__Hramtop                          ramtop       000E00
__Hrbit                            rbit         000000
__Hrbss                            rbss         000000
__Hrdata                           rdata        000000
__Hreset_vec                       reset_vec    000804
__Hrparam                          rparam       000000
__Hsfr                             sfr          000000
__Hsmallconst                      smallconst   000000
__Hspace_0                         (abs)        30000C
__Hspace_1                         (abs)        00050F
__Hspace_2                         (abs)        000000
__Hstack                           stack        000000
__Hstruct                          struct       000000
__Htemp                            temp         000049
__Htext                            text         000000
__Htext0                           text0        000000
__Htext1                           text1        000000
__Htext10                          text10       000000
__Htext11                          text11       000000
__Htext12                          text12       000000
__Htext13                          text13       000000
__Htext14                          text14       000000
__Htext15                          text15       000000
__Htext16                          text16       000000
__Htext17                          text17       000000
__Htext18                          text18       000000
__Htext19                          text19       000000
__Htext2                           text2        000000
__Htext20                          text20       000000
__Htext21                          text21       000000
__Htext22                          text22       000000
__Htext23                          text23       000000
__Htext24                          text24       000000
__Htext25                          text25       000000
__Htext26                          text26       000000
__Htext27                          text27       000000
__Htext28                          text28       000000
__Htext29                          text29       000000
__Htext3                           text3        000000
__Htext30                          text30       000000
__Htext31                          text31       000000
__Htext32                          text32       000000
__Htext33                          text33       000000
__Htext34                          text34       000000
__Htext35                          text35       000000
__Htext36                          text36       000000
__Htext37                          text37       000000
__Htext38                          text38       000000
__Htext39                          text39       000000
__Htext4                           text4        000000
__Htext40                          text40       000000
__Htext41                          text41       000000
__Htext42                          text42       000000
__Htext43                          text43       000000
__Htext44                          text44       000000
__Htext45                          text45       000000
__Htext46                          text46       000000
__Htext47                          text47       000000
__Htext48                          text48       000000
__Htext49                          text49       000000
__Htext5                           text5        000000
__Htext50                          text50       000000
__Htext52                          text52       000000
__Htext53                          text53       000000
__Htext54                          text54       000000
__Htext55                          text55       000000
__Htext56                          text56       000000
__Htext57                          text57       000000
__Htext59                          text59       000000
__Htext6                           text6        000000
__Htext60                          text60       000000
__Htext61                          text61       000000
__Htext62                          text62       000000
__Htext63                          text63       000000
__Htext7                           text7        000000
__Htext8                           text8        000000
__Htext9                           text9        000000
__LRAM                             (abs)        000001
__Labs1                            abs1         000000
__Lbank0                           bank0        000000
__Lbank1                           bank1        000000
__Lbank10                          bank10       000000
__Lbank11                          bank11       000000
__Lbank12                          bank12       000000
__Lbank13                          bank13       000000
__Lbank2                           bank2        000000
__Lbank3                           bank3        000000
__Lbank4                           bank4        000000
__Lbank5                           bank5        000000
__Lbank6                           bank6        000000
__Lbank7                           bank7        000000
__Lbank8                           bank8        000000
__Lbank9                           bank9        000000
__Lbigbss                          bigbss       000000
__Lbigdata                         bigdata      000000
__Lbigram                          bigram       000000
__Lbss                             bss          000000
__LbssBANK0                        bssBANK0     000000
__LbssBANK1                        bssBANK1     000000
__LbssBANK2                        bssBANK2     000000
__LbssBANK3                        bssBANK3     000000
__LbssBANK4                        bssBANK4     000000
__LbssCOMRAM                       bssCOMRAM    000000
__Lcinit                           cinit        000000
__Lclrtext                         clrtext      000000
__Lcomram                          comram       000000
__Lconfig                          config       300000
__Lconst                           const        000000
__LcstackBANK0                     cstackBANK0  000000
__LcstackBANK5                     cstackBANK5  000000
__LcstackCOMRAM                    cstackCOMRAM 000000
__Ldata                            data         000000
__LdataBANK0                       dataBANK0    000000
__LdataCOMRAM                      dataCOMRAM   000000
__Leeprom_data                     eeprom_data  000000
__Lfarbss                          farbss       000000
__Lfardata                         fardata      000000
__Libigdata                        ibigdata     000000
__Lidata                           idata        000000
__LidataBANK0                      idataBANK0   000000
__LidataCOMRAM                     idataCOMRAM  000000
__Lidloc                           idloc        200000
__Lifardata                        ifardata     000000
__Linit                            init         000922
__Lintcode                         intcode      000808
__Lintcode_body                    intcode_body 000000
__Lintcodelo                       intcodelo    000818
__Lintentry                        intentry     000000
__Lintret                          intret       000000
__Lintsave_regs                    intsave_regs 000000
__Lirdata                          irdata       000000
__Lmediumconst                     mediumconst  00F932
__LnvFARRAM                        nvFARRAM     000000
__Lnvbit                           nvbit        000000
__Lnvrram                          nvrram       000000
__Lparam                           rparam       000000
__Lpowerup                         powerup      000922
__Lram                             ram          000000
__Lramtop                          ramtop       000E00
__Lrbit                            rbit         000000
__Lrbss                            rbss         000000
__Lrdata                           rdata        000000
__Lreset_vec                       reset_vec    000800
__Lrparam                          rparam       000000
__Lsfr                             sfr          000000
__Lsmallconst                      smallconst   000000
__Lspace_0                         (abs)        000000
__Lspace_1                         (abs)        000000
__Lspace_2                         (abs)        000000
__Lstack                           stack        000000
__Lstruct                          struct       000000
__Ltemp                            temp         000048
__Ltext                            text         000000
__Ltext0                           text0        000000
__Ltext1                           text1        000000
__Ltext10                          text10       000000
__Ltext11                          text11       000000
__Ltext12                          text12       000000
__Ltext13                          text13       000000
__Ltext14                          text14       000000
__Ltext15                          text15       000000
__Ltext16                          text16       000000
__Ltext17                          text17       000000
__Ltext18                          text18       000000
__Ltext19                          text19       000000
__Ltext2                           text2        000000
__Ltext20                          text20       000000
__Ltext21                          text21       000000
__Ltext22                          text22       000000
__Ltext23                          text23       000000
__Ltext24                          text24       000000
__Ltext25                          text25       000000
__Ltext26                          text26       000000
__Ltext27                          text27       000000
__Ltext28                          text28       000000
__Ltext29                          text29       000000
__Ltext3                           text3        000000
__Ltext30                          text30       000000
__Ltext31                          text31       000000
__Ltext32                          text32       000000
__Ltext33                          text33       000000
__Ltext34                          text34       000000
__Ltext35                          text35       000000
__Ltext36                          text36       000000
__Ltext37                          text37       000000
__Ltext38                          text38       000000
__Ltext39                          text39       000000
__Ltext4                           text4        000000
__Ltext40                          text40       000000
__Ltext41                          text41       000000
__Ltext42                          text42       000000
__Ltext43                          text43       000000
__Ltext44                          text44       000000
__Ltext45                          text45       000000
__Ltext46                          text46       000000
__Ltext47                          text47       000000
__Ltext48                          text48       000000
__Ltext49                          text49       000000
__Ltext5                           text5        000000
__Ltext50                          text50       000000
__Ltext52                          text52       000000
__Ltext53                          text53       000000
__Ltext54                          text54       000000
__Ltext55                          text55       000000
__Ltext56                          text56       000000
__Ltext57                          text57       000000
__Ltext59                          text59       000000
__Ltext6                           text6        000000
__Ltext60                          text60       000000
__Ltext61                          text61       000000
__Ltext62                          text62       000000
__Ltext63                          text63       000000
__Ltext7                           text7        000000
__Ltext8                           text8        000000
__Ltext9                           text9        000000
__S0                               (abs)        30000C
__S1                               (abs)        00050F
__S2                               (abs)        000000
___inthi_sp                        stack        000000
___intlo_sp                        stack        000000
___lmul                            text18       012420
___lmul@multiplicand               cstackBANK0  0000DB
___lmul@multiplier                 cstackBANK0  0000D7
___lmul@product                    cstackBANK0  0000DF
___lwdiv                           text12       0124D0
___lwdiv@counter                   cstackBANK0  0000DB
___lwdiv@dividend                  cstackBANK0  0000D7
___lwdiv@divisor                   cstackBANK0  0000D9
___lwdiv@quotient                  cstackBANK0  0000DC
___lwmod                           text11       0125B4
___lwmod@counter                   cstackBANK0  0000E2
___lwmod@dividend                  cstackBANK0  0000DE
___lwmod@divisor                   cstackBANK0  0000E0
___param_bank                      (abs)        000000
___rparam_used                     (abs)        000001
___sp                              stack        000000
___wmul                            text14       012854
___wmul@multiplicand               cstackBANK0  0000D9
___wmul@multiplier                 cstackBANK0  0000D7
___wmul@product                    cstackBANK0  0000DB
__accesstop                        (abs)        000060
__activetblptr                     (abs)        000003
__end_of_ADCC_GetSingleConversion  text15       0128A4
__end_of_ADCC_Initialize           text45       01256E
__end_of_ConfigureOscillator       text44       012986
__end_of_EUSART2_Initialize        text43       01296E
__end_of_EUSART2_Read              text63       012A40
__end_of_EUSART2_Write             text57       012A14
__end_of_EUSART5_Initialize        text42       012956
__end_of_EUSART5_Read              text62       012A3A
__end_of_EUSART5_Write             text55       012A06
__end_of_GetChgState               text50       012854
__end_of_GetFuel                   text13       012150
__end_of_InitApp                   text46       01299C
__end_of_InitApp2                  text38       0120DC
__end_of_InitMainBoardIO           text41       0129D8
__end_of_InitUiBoardIO             text40       011ECC
__end_of_PMD_AllOff                text49       0129EA
__end_of_PMD_Initialize            text39       01293E
__end_of_ReadEEPROM                text37       0127F6
__end_of_SendCharBT                text56       012A34
__end_of_SendCharUSB               text54       012A2A
__end_of_StandbyMainBoardIO        text48       012234
__end_of_StandbyUiBoardIO          text47       012782
__end_of_WriteEEPROM               text36       01263C
__end_of___lmul                    text18       012478
__end_of___lwdiv                   text12       012524
__end_of___lwmod                   text11       0125F8
__end_of___wmul                    text14       01287C
__end_of__initialization           cinit        011E1E
__end_of_bitOrderSwap              mediumconst  00FA33
__end_of_bufClear                  text53       012926
__end_of_bufInit                   text35       01282A
__end_of_bufRead                   text52       0125B4
__end_of_bufWrite                  text26       012366
__end_of_bufWriteIntH              text28       0123C4
__end_of_checkBtState              text34       0129C4
__end_of_connect                   text32       012908
__end_of_connectToggle             text30       0129B0
__end_of_connected                 text29       012A20
__end_of_connectedString           mediumconst  00FFED
__end_of_disconnect                text31       0128CC
__end_of_enterCommand              text27       0124D0
__end_of_hex                       mediumconst  00FB43
__end_of_high_isr                  intcode_body 011584
__end_of_keyMap1                   mediumconst  00FFE3
__end_of_keyMap1Fn                 mediumconst  00FF23
__end_of_keyMap2                   mediumconst  00FE63
__end_of_keyMap2Fn                 mediumconst  00FDA3
__end_of_keyMap3                   mediumconst  00FCE3
__end_of_keyMap3Fn                 mediumconst  00FC23
__end_of_ledAnodeTable             mediumconst  00FB5B
__end_of_ledCathodeTable           mediumconst  00FB4F
__end_of_ledMatrixProcess          text61       011F5C
__end_of_low_isr                   intcodelo    000922
__end_of_main                      text0        010C42
__end_of_popCount8bits             mediumconst  00FB33
__end_of_rowTable                  mediumconst  00FB63
__end_of_sendAltCode               text24       011AB8
__end_of_sendConsumerReport        text23       012308
__end_of_sendKey                   text22       011D74
__end_of_sendMouse                 text21       011FE6
__end_of_sendToggle                text20       0128EA
__end_of_setScanCodes              text19       011C9C
__end_of_setSleepDelay             text17       0122A2
__end_of_setXY                     text16       011384
__end_of_showBatteryState          text8        012066
__end_of_showState                 text9        011BB6
__end_of_showText                  text10       012742
__end_of_strlen                    text60       012702
__end_of_sw1Process                text7        0121C2
__end_of_swProcess                 text2        010F16
__end_of_swPush                    text6        010662
__end_of_swRegister                text5        011158
__end_of_swRelease                 text4        011902
__end_of_swUnregister              text3        011748
__end_of_waitBootTrigger           text1        0127C0
__end_of_waitMs                    text33       0126C0
__end_of_waitOutputReport          text25       01267E
__end_ofi2_bufWriteIntH            text59       012420
__initialization                   cinit        011D74
__mediumconst                      mediumconst  00F932
__pbssBANK0                        bssBANK0     000060
__pbssBANK1                        bssBANK1     000100
__pbssBANK2                        bssBANK2     000200
__pbssBANK3                        bssBANK3     000300
__pbssBANK4                        bssBANK4     000400
__pbssCOMRAM                       bssCOMRAM    000024
__pcinit                           cinit        011D74
__pcstackBANK0                     cstackBANK0  0000D7
__pcstackBANK5                     cstackBANK5  000500
__pcstackCOMRAM                    cstackCOMRAM 000001
__pdataBANK0                       dataBANK0    0000EF
__pdataCOMRAM                      dataCOMRAM   000045
__pidataBANK0                      idataBANK0   0129EA
__pidataCOMRAM                     idataCOMRAM  012A40
__pintcode                         intcode      000808
__pintcode_body                    intcode_body 011384
__pintcodelo                       intcodelo    000818
__pmediumconst                     mediumconst  00F932
__ptext0                           text0        010662
__ptext1                           text1        012782
__ptext10                          text10       012702
__ptext11                          text11       0125B4
__ptext12                          text12       0124D0
__ptext13                          text13       0120DC
__ptext14                          text14       012854
__ptext15                          text15       01287C
__ptext16                          text16       011158
__ptext17                          text17       012234
__ptext18                          text18       012420
__ptext19                          text19       011BB6
__ptext2                           text2        010C42
__ptext20                          text20       0128CC
__ptext21                          text21       011F5C
__ptext22                          text22       011C9C
__ptext23                          text23       0122A2
__ptext24                          text24       011902
__ptext25                          text25       01263C
__ptext26                          text26       012308
__ptext27                          text27       012478
__ptext28                          text28       012366
__ptext29                          text29       012A14
__ptext3                           text3        011584
__ptext30                          text30       01299C
__ptext31                          text31       0128A4
__ptext32                          text32       0128EA
__ptext33                          text33       01267E
__ptext34                          text34       0129B0
__ptext35                          text35       0127F6
__ptext36                          text36       0125F8
__ptext37                          text37       0127C0
__ptext38                          text38       012066
__ptext39                          text39       012926
__ptext4                           text4        011748
__ptext40                          text40       011E28
__ptext41                          text41       0129C4
__ptext42                          text42       01293E
__ptext43                          text43       012956
__ptext44                          text44       01296E
__ptext45                          text45       012524
__ptext46                          text46       012986
__ptext47                          text47       012742
__ptext48                          text48       0121C2
__ptext49                          text49       0129D8
__ptext5                           text5        010F16
__ptext50                          text50       01282A
__ptext52                          text52       01256E
__ptext53                          text53       012908
__ptext54                          text54       012A20
__ptext55                          text55       0129F8
__ptext56                          text56       012A2A
__ptext57                          text57       012A06
__ptext59                          text59       0123C4
__ptext6                           text6        010000
__ptext60                          text60       0126C0
__ptext61                          text61       011ECC
__ptext62                          text62       012A34
__ptext63                          text63       012A3A
__ptext7                           text7        012150
__ptext8                           text8        011FE6
__ptext9                           text9        011AB8
__ramtop                           ramtop       000E00
__size_of_ADCC_GetSingleConversion (abs)        000000
__size_of_ADCC_Initialize          (abs)        000000
__size_of_ConfigureOscillator      (abs)        000000
__size_of_EUSART2_Initialize       (abs)        000000
__size_of_EUSART2_Read             (abs)        000000
__size_of_EUSART2_Write            (abs)        000000
__size_of_EUSART5_Initialize       (abs)        000000
__size_of_EUSART5_Read             (abs)        000000
__size_of_EUSART5_Write            (abs)        000000
__size_of_GetChgState              (abs)        000000
__size_of_GetFuel                  (abs)        000000
__size_of_InitApp                  (abs)        000000
__size_of_InitApp2                 (abs)        000000
__size_of_InitMainBoardIO          (abs)        000000
__size_of_InitUiBoardIO            (abs)        000000
__size_of_PMD_AllOff               (abs)        000000
__size_of_PMD_Initialize           (abs)        000000
__size_of_ReadEEPROM               (abs)        000000
__size_of_SendCharBT               (abs)        000000
__size_of_SendCharUSB              (abs)        000000
__size_of_StandbyMainBoardIO       (abs)        000000
__size_of_StandbyUiBoardIO         (abs)        000000
__size_of_WriteEEPROM              (abs)        000000
__size_of___lmul                   (abs)        000000
__size_of___lwdiv                  (abs)        000000
__size_of___lwmod                  (abs)        000000
__size_of___wmul                   (abs)        000000
__size_of_bufClear                 (abs)        000000
__size_of_bufInit                  (abs)        000000
__size_of_bufRead                  (abs)        000000
__size_of_bufWrite                 (abs)        000000
__size_of_bufWriteIntH             (abs)        000000
__size_of_checkBtState             (abs)        000000
__size_of_connect                  (abs)        000000
__size_of_connectToggle            (abs)        000000
__size_of_connected                (abs)        000000
__size_of_disconnect               (abs)        000000
__size_of_enterCommand             (abs)        000000
__size_of_high_isr                 (abs)        000000
__size_of_ledMatrixProcess         (abs)        000000
__size_of_low_isr                  (abs)        000000
__size_of_main                     (abs)        000000
__size_of_sendAltCode              (abs)        000000
__size_of_sendConsumerReport       (abs)        000000
__size_of_sendKey                  (abs)        000000
__size_of_sendMouse                (abs)        000000
__size_of_sendToggle               (abs)        000000
__size_of_setScanCodes             (abs)        000000
__size_of_setSleepDelay            (abs)        000000
__size_of_setXY                    (abs)        000000
__size_of_showBatteryState         (abs)        000000
__size_of_showState                (abs)        000000
__size_of_showText                 (abs)        000000
__size_of_strlen                   (abs)        000000
__size_of_sw1Process               (abs)        000000
__size_of_swProcess                (abs)        000000
__size_of_swPush                   (abs)        000000
__size_of_swRegister               (abs)        000000
__size_of_swRelease                (abs)        000000
__size_of_swUnregister             (abs)        000000
__size_of_waitBootTrigger          (abs)        000000
__size_of_waitMs                   (abs)        000000
__size_of_waitOutputReport         (abs)        000000
__size_ofi2_bufWriteIntH           (abs)        000000
__smallconst                       smallconst   000000
_altCode                           bssCOMRAM    00002E
_b1                                bssBANK1     000100
_b3                                bssBANK2     000200
_b4                                bssBANK3     000300
_b6                                bssBANK4     000400
_bitOrderSwap                      mediumconst  00F933
_bufClear                          text53       012908
_bufInit                           text35       0127F6
_bufRead                           text52       01256E
_bufU2_intH                        bssBANK0     0000D3
_bufU2_main                        bssCOMRAM    00003D
_bufU5_intH                        bssCOMRAM    000041
_bufU5_main                        bssCOMRAM    000039
_bufWrite                          text26       012308
_bufWriteIntH                      text28       012366
_checkBtState                      text34       0129B0
_connect                           text32       0128EA
_connectToggle                     text30       01299C
_connected                         text29       012A14
_connectedString                   mediumconst  00FFE3
_connectedStringIndex              bssCOMRAM    000037
_consumerKey                       bssCOMRAM    00002C
_disconnect                        text31       0128A4
_enterCommand                      text27       012478
_firstPush                         dataCOMRAM   000046
_fnEnable                          bssBANK0     000089
_fnEnableLatch                     bssBANK0     00008A
_hex                               mediumconst  00FB33
_high_isr                          intcode      000808
_keyMap1                           mediumconst  00FF23
_keyMap1Fn                         mediumconst  00FE63
_keyMap2                           mediumconst  00FDA3
_keyMap2Fn                         mediumconst  00FCE3
_keyMap3                           mediumconst  00FC23
_keyMap3Fn                         mediumconst  00FB63
_keyMapList                        dataBANK0    0000EF
_keyMode                           bssBANK0     00008B
_keyReport                         bssBANK0     000078
_lastPush                          dataCOMRAM   000045
_led                               bssBANK0     00006C
_ledAnodeTable                     mediumconst  00FB4F
_ledCathodeTable                   mediumconst  00FB43
_ledMatrixProcess                  text61       011ECC
_low_isr                           intcodelo    000818
_mSw                               bssBANK0     00008D
_main                              text0        010662
_main$727                          cstackBANK5  000506
_main$728                          cstackBANK5  000507
_main$729                          cstackBANK5  000508
_main$730                          cstackBANK5  000509
_mainFlags                         bssCOMRAM    000032
_mouseReport                       bssBANK0     000082
_mouseSpeed                        dataCOMRAM   000047
_outputReportReceived              bssCOMRAM    000038
_rowTable                          mediumconst  00FB5B
_sawToothWave                      bssBANK0     00008C
_sendAltCode                       text24       011902
_sendConsumerReport                text23       0122A2
_sendKey                           text22       011C9C
_sendMouse                         text21       011F5C
_sendToggle                        text20       0128CC
_setScanCodes                      text19       011BB6
_setSleepDelay                     text17       012234
_setXY                             text16       011158
_showBatteryState                  text8        011FE6
_showState                         text9        011AB8
_showText                          text10       012702
_sleepCountDown                    bssCOMRAM    000024
_strlen                            text60       0126C0
_sw                                bssBANK0     000060
_sw1Process                        text7        012150
_swProcess                         text2        010C42
_swPush                            text6        010000
_swPush$1888                       cstackBANK0  0000DE
_swPush$1889                       cstackBANK0  0000E0
_swRegister                        text5        010F16
_swRelease                         text4        011748
_swUnregister                      text3        011584
_time                              bssCOMRAM    000028
_volt                              dataBANK0    0000FB
_waitBootTrigger                   text1        012782
_waitMs                            text33       01267E
_waitOutputReport                  text25       01263C
btemp                              temp         000048
bufClear@b                         cstackCOMRAM 000015
bufInit@b                          cstackBANK0  0000D7
bufInit@buf                        cstackBANK0  0000D9
bufRead@b                          cstackCOMRAM 000015
bufRead@d                          cstackCOMRAM 00001A
bufWrite@b                         cstackBANK0  0000E3
bufWrite@d                         cstackBANK0  0000E5
bufWriteIntH@b                     cstackBANK0  0000D7
bufWriteIntH@d                     cstackBANK0  0000D9
end_of_initialization              cinit        011E1E
high_isr@c                         cstackCOMRAM 000013
high_isr@c_389                     cstackCOMRAM 000014
i2_bufWriteIntH                    text59       0123C4
i2bufWriteIntH@b                   cstackCOMRAM 000001
i2bufWriteIntH@d                   cstackCOMRAM 000003
int$flags                          temp         000048
int_func                           intcode_body 011384
intlevel0                          text         000000
intlevel1                          text         000000
intlevel2                          text         000000
intlevel3                          text         000000
ledMatrixProcess@c                 bssCOMRAM    000036
main@c                             cstackBANK5  00050A
main@c_700                         cstackBANK5  00050B
main@c_701                         cstackBANK5  00050C
main@c_731                         cstackBANK5  00050D
main@c_732                         cstackBANK5  00050E
sendAltCode@temp                   cstackBANK0  0000EC
setScanCodes@c                     cstackBANK0  0000DB
setScanCodes@d                     cstackBANK0  0000DC
setScanCodes@e                     cstackBANK0  0000D8
setScanCodes@kc                    cstackBANK0  0000D9
setSleepDelay@gie                  cstackBANK0  0000E5
setSleepDelay@second               cstackBANK0  0000E3
setSleepDelay@t                    cstackBANK0  0000E6
setXY@c                            cstackBANK0  0000E0
setXY@kc                           cstackBANK0  0000DE
showBatteryState@v                 cstackBANK0  0000ED
showState@v                        cstackBANK0  0000EB
showText@text                      cstackBANK0  0000E9
stackhi                            (abs)        000DE9
stacklo                            (abs)        00050F
start                              init         000922
start_initialization               cinit        011D74
strlen@a                           cstackCOMRAM 000005
strlen@s                           cstackCOMRAM 000001
sw1Process@sw1Count                bssCOMRAM    000035
sw1Process@sw1Count2               bssCOMRAM    000030
sw1Process@sw1State                bssCOMRAM    000034
swProcess@c                        cstackBANK0  0000ED
swProcess@col                      cstackBANK0  0000E9
swProcess@row                      cstackBANK0  0000EC
swProcess@sw2                      cstackBANK0  0000EA
swPush@c                           cstackBANK0  0000E2
swRegister@c                       cstackBANK0  0000DE
swRegister@d                       cstackBANK0  0000DC
swRegister@d_1749                  cstackBANK0  0000DD
swRegister@n                       cstackBANK0  0000DB
swRegister@sameCol                 cstackBANK0  0000D9
swRegister@sameRow                 cstackBANK0  0000DA
swRelease@c                        cstackBANK0  0000DC
swUnregister@c                     cstackBANK0  0000DE
ttemp5                             temp         000049
ttemp6                             temp         00004C
ttemp7                             temp         000050
waitMs@t                           cstackBANK0  0000D7
wtemp8                             temp         000049


FUNCTION INFORMATION:

 *************** function _main *****************
 Defined at:
		line 59 in file "main.c"
 Parameters:    Size  Location     Type
		None
 Auto vars:     Size  Location     Type
  c               1   14[BANK5 ] unsigned char 
  c               1   13[BANK5 ] unsigned char 
  c               1   12[BANK5 ] unsigned char 
  c               1   11[BANK5 ] unsigned char 
  c               1   10[BANK5 ] unsigned char 
 Return value:  Size  Location     Type
                  1    wreg      void 
 Registers used:
		wreg, fsr1l, fsr1h, fsr2l, fsr2h, status,2, status,0, tblptrl, tblptrh, tblptru, prodl, prodh, cstack
 Tracked objects:
		On entry : 
		On exit  : 
		Unchanged: 
 Data sizes:     COMRAM   BANK0   BANK1   BANK2   BANK3   BANK4   BANK5   BANK6   BANK7   BANK8   BANK9  BANK10  BANK11  BANK12  BANK13
      Params:         0       0       0       0       0       0       0       0       0       0       0       0       0       0       0
      Locals:         0       0       0       0       0       0       9       0       0       0       0       0       0       0       0
      Temps:          0       0       0       0       0       0       6       0       0       0       0       0       0       0       0
      Totals:         0       0       0       0       0       0      15       0       0       0       0       0       0       0       0
Total ram usage:       15 bytes
 Hardware stack levels required when called:    9
 This function calls:
		_GetChgState
		_GetFuel
		_InitApp
		_InitApp2
		_ReadEEPROM
		_WriteEEPROM
		_bufInit
		_checkBtState
		_connect
		_connectToggle
		_connected
		_enterCommand
		_sendAltCode
		_sendConsumerReport
		_sendKey
		_sendMouse
		_sendToggle
		_setScanCodes
		_setSleepDelay
		_setXY
		_showBatteryState
		_showText
		_sw1Process
		_swProcess
		_waitBootTrigger
		_waitMs
 This function is called by:
		Startup code after reset
 This function uses a non-reentrant model


 *************** function _waitBootTrigger *****************
 Defined at:
		line 182 in file "user.c"
 Parameters:    Size  Location     Type
		None
 Auto vars:     Size  Location     Type
		None
 Return value:  Size  Location     Type
                  1    wreg      void 
 Registers used:
		wreg, status,2
 Tracked objects:
		On entry : 
		On exit  : 
		Unchanged: 
 Data sizes:     COMRAM   BANK0   BANK1   BANK2   BANK3   BANK4   BANK5   BANK6   BANK7   BANK8   BANK9  BANK10  BANK11  BANK12  BANK13
      Params:         0       0       0       0       0       0       0       0       0       0       0       0       0       0       0
      Locals:         0       0       0       0       0       0       0       0       0       0       0       0       0       0       0
      Temps:          0       0       0       0       0       0       0       0       0       0       0       0       0       0       0
      Totals:         0       0       0       0       0       0       0       0       0       0       0       0       0       0       0
Total ram usage:        0 bytes
 Hardware stack levels used:    1
 Hardware stack levels required when called:    5
 This function calls:
		Nothing
 This function is called by:
		_main
 This function uses a non-reentrant model


 *************** function _swProcess *****************
 Defined at:
		line 259 in file "swMatrix.c"
 Parameters:    Size  Location     Type
		None
 Auto vars:     Size  Location     Type
  sw2             2   19[BANK0 ] unsigned short 
  col             1   18[BANK0 ] unsigned char 
  c               1   22[BANK0 ] unsigned char 
  row             1   21[BANK0 ] unsigned char 
 Return value:  Size  Location     Type
                  1    wreg      void 
 Registers used:
		wreg, fsr1l, fsr1h, fsr2l, fsr2h, status,2, status,0, tblptrl, tblptrh, tblptru, prodl, prodh, cstack
 Tracked objects:
		On entry : 
		On exit  : 
		Unchanged: 
 Data sizes:     COMRAM   BANK0   BANK1   BANK2   BANK3   BANK4   BANK5   BANK6   BANK7   BANK8   BANK9  BANK10  BANK11  BANK12  BANK13
      Params:         0       0       0       0       0       0       0       0       0       0       0       0       0       0       0
      Locals:         0       5       0       0       0       0       0       0       0       0       0       0       0       0       0
      Temps:          0       6       0       0       0       0       0       0       0       0       0       0       0       0       0
      Totals:         0      11       0       0       0       0       0       0       0       0       0       0       0       0       0
Total ram usage:       11 bytes
 Hardware stack levels used:    1
 Hardware stack levels required when called:    7
 This function calls:
		_swPush
		_swRegister
		_swUnregister
 This function is called by:
		_main
 This function uses a non-reentrant model


 *************** function _swUnregister *****************
 Defined at:
		line 149 in file "swMatrix.c"
 Parameters:    Size  Location     Type
  c               1    wreg     unsigned char 
 Auto vars:     Size  Location     Type
  c               1    7[BANK0 ] unsigned char 
 Return value:  Size  Location     Type
                  1    wreg      void 
 Registers used:
		wreg, fsr1l, fsr1h, fsr2l, fsr2h, status,2, status,0, prodl, prodh, cstack
 Tracked objects:
		On entry : 
		On exit  : 
		Unchanged: 
 Data sizes:     COMRAM   BANK0   BANK1   BANK2   BANK3   BANK4   BANK5   BANK6   BANK7   BANK8   BANK9  BANK10  BANK11  BANK12  BANK13
      Params:         0       0       0       0       0       0       0       0       0       0       0       0       0       0       0
      Locals:         0       1       0       0       0       0       0       0       0       0       0       0       0       0       0
      Temps:          0       1       0       0       0       0       0       0       0       0       0       0       0       0       0
      Totals:         0       2       0       0       0       0       0       0       0       0       0       0       0       0       0
Total ram usage:        2 bytes
 Hardware stack levels used:    1
[...]
      Totals:         2       0       0       0       0       0       0       0       0       0       0       0       0       0       0
Total ram usage:        2 bytes
 Hardware stack levels used:    1
 Hardware stack levels required when called:    2
 This function calls:
		Nothing
 This function is called by:
		_low_isr
 This function uses a non-reentrant model


 *************** function _SendCharUSB *****************
 Defined at:
		line 11 in file "FT230X.c"
 Parameters:    Size  Location     Type
  d               1    wreg     unsigned char 
 Auto vars:     Size  Location     Type
  d               1   21[COMRAM] unsigned char 
 Return value:  Size  Location     Type
                  1    wreg      void 
 Registers used:
		wreg, status,2, cstack
 Tracked objects:
		On entry : 
		On exit  : 
		Unchanged: 
 Data sizes:     COMRAM   BANK0   BANK1   BANK2   BANK3   BANK4   BANK5   BANK6   BANK7   BANK8   BANK9  BANK10  BANK11  BANK12  BANK13
      Params:         0       0       0       0       0       0       0       0       0       0       0       0       0       0       0
      Locals:         1       0       0       0       0       0       0       0       0       0       0       0       0       0       0
      Temps:          0       0       0       0       0       0       0       0       0       0       0       0       0       0       0
      Totals:         1       0       0       0       0       0       0       0       0       0       0       0       0       0       0
Total ram usage:        1 bytes
 Hardware stack levels used:    1
 Hardware stack levels required when called:    3
 This function calls:
		_EUSART5_Write
 This function is called by:
		_low_isr
 This function uses a non-reentrant model


 *************** function _EUSART5_Write *****************
 Defined at:
		line 80 in file "eusart5.c"
 Parameters:    Size  Location     Type
  txData          1    wreg     unsigned char 
 Auto vars:     Size  Location     Type
  txData          1   20[COMRAM] unsigned char 
 Return value:  Size  Location     Type
                  1    wreg      void 
 Registers used:
		wreg
 Tracked objects:
		On entry : 
		On exit  : 
		Unchanged: 
 Data sizes:     COMRAM   BANK0   BANK1   BANK2   BANK3   BANK4   BANK5   BANK6   BANK7   BANK8   BANK9  BANK10  BANK11  BANK12  BANK13
      Params:         0       0       0       0       0       0       0       0       0       0       0       0       0       0       0
      Locals:         1       0       0       0       0       0       0       0       0       0       0       0       0       0       0
      Temps:          0       0       0       0       0       0       0       0       0       0       0       0       0       0       0
      Totals:         1       0       0       0       0       0       0       0       0       0       0       0       0       0       0
Total ram usage:        1 bytes
 Hardware stack levels used:    1
 Hardware stack levels required when called:    2
 This function calls:
		Nothing
 This function is called by:
		_SendCharUSB
 This function uses a non-reentrant model


 *************** function _SendCharBT *****************
 Defined at:
		line 238 in file "RN42.c"
 Parameters:    Size  Location     Type
  d               1    wreg     unsigned char 
 Auto vars:     Size  Location     Type
  d               1   21[COMRAM] unsigned char 
 Return value:  Size  Location     Type
                  1    wreg      void 
 Registers used:
		wreg, status,2, cstack
 Tracked objects:
		On entry : 
		On exit  : 
		Unchanged: 
 Data sizes:     COMRAM   BANK0   BANK1   BANK2   BANK3   BANK4   BANK5   BANK6   BANK7   BANK8   BANK9  BANK10  BANK11  BANK12  BANK13
      Params:         0       0       0       0       0       0       0       0       0       0       0       0       0       0       0
      Locals:         1       0       0       0       0       0       0       0       0       0       0       0       0       0       0
      Temps:          0       0       0       0       0       0       0       0       0       0       0       0       0       0       0
      Totals:         1       0       0       0       0       0       0       0       0       0       0       0       0       0       0
Total ram usage:        1 bytes
 Hardware stack levels used:    1
 Hardware stack levels required when called:    3
 This function calls:
		_EUSART2_Write
 This function is called by:
		_low_isr
 This function uses a non-reentrant model


 *************** function _EUSART2_Write *****************
 Defined at:
		line 79 in file "eusart2.c"
 Parameters:    Size  Location     Type
  txData          1    wreg     unsigned char 
 Auto vars:     Size  Location     Type
  txData          1   20[COMRAM] unsigned char 
 Return value:  Size  Location     Type
                  1    wreg      void 
 Registers used:
		wreg
 Tracked objects:
		On entry : 
		On exit  : 
		Unchanged: 
 Data sizes:     COMRAM   BANK0   BANK1   BANK2   BANK3   BANK4   BANK5   BANK6   BANK7   BANK8   BANK9  BANK10  BANK11  BANK12  BANK13
      Params:         0       0       0       0       0       0       0       0       0       0       0       0       0       0       0
      Locals:         1       0       0       0       0       0       0       0       0       0       0       0       0       0       0
      Temps:          0       0       0       0       0       0       0       0       0       0       0       0       0       0       0
      Totals:         1       0       0       0       0       0       0       0       0       0       0       0       0       0       0
Total ram usage:        1 bytes
 Hardware stack levels used:    1
 Hardware stack levels required when called:    2
 This function calls:
		Nothing
 This function is called by:
		_SendCharBT
 This function uses a non-reentrant model


 *************** function _high_isr *****************
 Defined at:
		line 27 in file "interrupts.c"
 Parameters:    Size  Location     Type
		None
 Auto vars:     Size  Location     Type
  c               1   19[COMRAM] unsigned char 
  c               1   18[COMRAM] unsigned char 
 Return value:  Size  Location     Type
                  1    wreg      void 
 Registers used:
		wreg, fsr2l, fsr2h, status,2, status,0, tblptrl, tblptrh, tblptru, prodl, prodh, cstack
 Tracked objects:
		On entry : 
		On exit  : 
		Unchanged: 
 Data sizes:     COMRAM   BANK0   BANK1   BANK2   BANK3   BANK4   BANK5   BANK6   BANK7   BANK8   BANK9  BANK10  BANK11  BANK12  BANK13
      Params:         0       0       0       0       0       0       0       0       0       0       0       0       0       0       0
      Locals:         2       0       0       0       0       0       0       0       0       0       0       0       0       0       0
      Temps:         12       0       0       0       0       0       0       0       0       0       0       0       0       0       0
      Totals:        14       0       0       0       0       0       0       0       0       0       0       0       0       0       0
Total ram usage:       14 bytes
 Hardware stack levels used:    1
 Hardware stack levels required when called:    1
 This function calls:
		_EUSART2_Read
		_EUSART5_Read
		_ledMatrixProcess
		_strlen
		i2_bufWriteIntH
 This function is called by:
		Interrupt level 2
 This function uses a non-reentrant model


 *************** function i2_bufWriteIntH *****************
 Defined at:
		line 21 in file "ringBuffer.c"
 Parameters:    Size  Location     Type
  b               2    0[COMRAM] PTR struct ringBuf
		 -> bufU2_main(4), bufU2_intH(4), bufU5_intH(4), 
  d               1    2[COMRAM] unsigned char 
 Auto vars:     Size  Location     Type
		None
 Return value:  Size  Location     Type
                  1    wreg      void 
 Registers used:
		wreg, fsr2l, fsr2h, status,2, status,0, prodl, prodh
 Tracked objects:
		On entry : 
		On exit  : 
		Unchanged: 
 Data sizes:     COMRAM   BANK0   BANK1   BANK2   BANK3   BANK4   BANK5   BANK6   BANK7   BANK8   BANK9  BANK10  BANK11  BANK12  BANK13
      Params:         3       0       0       0       0       0       0       0       0       0       0       0       0       0       0
      Locals:         0       0       0       0       0       0       0       0       0       0       0       0       0       0       0
      Temps:          3       0       0       0       0       0       0       0       0       0       0       0       0       0       0
      Totals:         6       0       0       0       0       0       0       0       0       0       0       0       0       0       0
Total ram usage:        6 bytes
 Hardware stack levels used:    1
 This function calls:
		Nothing
 This function is called by:
		_high_isr
 This function uses a non-reentrant model


 *************** function _strlen *****************
 Defined at:
		line 12 in file "C:\Program Files (x86)\Microchip\xc8\v2.00\pic\sources\c99\common\strlen.c"
 Parameters:    Size  Location     Type
  s               2    0[COMRAM] PTR const unsigned char 
		 -> connectedString(10), 
 Auto vars:     Size  Location     Type
  a               2    4[COMRAM] PTR const unsigned char 
		 -> connectedString(10), 
 Return value:  Size  Location     Type
                  2    0[COMRAM] unsigned int 
 Registers used:
		wreg, status,2, status,0, tblptrl, tblptrh, tblptru
 Tracked objects:
		On entry : 
		On exit  : 
		Unchanged: 
 Data sizes:     COMRAM   BANK0   BANK1   BANK2   BANK3   BANK4   BANK5   BANK6   BANK7   BANK8   BANK9  BANK10  BANK11  BANK12  BANK13
      Params:         2       0       0       0       0       0       0       0       0       0       0       0       0       0       0
      Locals:         2       0       0       0       0       0       0       0       0       0       0       0       0       0       0
      Temps:          2       0       0       0       0       0       0       0       0       0       0       0       0       0       0
      Totals:         6       0       0       0       0       0       0       0       0       0       0       0       0       0       0
Total ram usage:        6 bytes
 Hardware stack levels used:    1
 This function calls:
		Nothing
 This function is called by:
		_high_isr
 This function uses a non-reentrant model


 *************** function _ledMatrixProcess *****************
 Defined at:
		line 37 in file "user.c"
 Parameters:    Size  Location     Type
		None
 Auto vars:     Size  Location     Type
		None
 Return value:  Size  Location     Type
                  1    wreg      void 
 Registers used:
		wreg, fsr2l, fsr2h, status,2, status,0, tblptrl, tblptrh, tblptru, prodl, prodh
 Tracked objects:
		On entry : 
		On exit  : 
		Unchanged: 
 Data sizes:     COMRAM   BANK0   BANK1   BANK2   BANK3   BANK4   BANK5   BANK6   BANK7   BANK8   BANK9  BANK10  BANK11  BANK12  BANK13
      Params:         0       0       0       0       0       0       0       0       0       0       0       0       0       0       0
      Locals:         0       0       0       0       0       0       0       0       0       0       0       0       0       0       0
      Temps:          2       0       0       0       0       0       0       0       0       0       0       0       0       0       0
      Totals:         2       0       0       0       0       0       0       0       0       0       0       0       0       0       0
Total ram usage:        2 bytes
 Hardware stack levels used:    1
 This function calls:
		Nothing
 This function is called by:
		_high_isr
 This function uses a non-reentrant model


 *************** function _EUSART5_Read *****************
 Defined at:
		line 75 in file "eusart5.c"
 Parameters:    Size  Location     Type
		None
 Auto vars:     Size  Location     Type
		None
 Return value:  Size  Location     Type
                  1    wreg      unsigned char 
 Registers used:
		wreg, status,2
 Tracked objects:
		On entry : 
		On exit  : 
		Unchanged: 
 Data sizes:     COMRAM   BANK0   BANK1   BANK2   BANK3   BANK4   BANK5   BANK6   BANK7   BANK8   BANK9  BANK10  BANK11  BANK12  BANK13
      Params:         0       0       0       0       0       0       0       0       0       0       0       0       0       0       0
      Locals:         0       0       0       0       0       0       0       0       0       0       0       0       0       0       0
      Temps:          0       0       0       0       0       0       0       0       0       0       0       0       0       0       0
      Totals:         0       0       0       0       0       0       0       0       0       0       0       0       0       0       0
Total ram usage:        0 bytes
 Hardware stack levels used:    1
 This function calls:
		Nothing
 This function is called by:
		_high_isr
 This function uses a non-reentrant model


 *************** function _EUSART2_Read *****************
 Defined at:
		line 74 in file "eusart2.c"
 Parameters:    Size  Location     Type
		None
 Auto vars:     Size  Location     Type
		None
 Return value:  Size  Location     Type
                  1    wreg      unsigned char 
 Registers used:
		wreg, status,2
 Tracked objects:
		On entry : 
		On exit  : 
		Unchanged: 
 Data sizes:     COMRAM   BANK0   BANK1   BANK2   BANK3   BANK4   BANK5   BANK6   BANK7   BANK8   BANK9  BANK10  BANK11  BANK12  BANK13
      Params:         0       0       0       0       0       0       0       0       0       0       0       0       0       0       0
      Locals:         0       0       0       0       0       0       0       0       0       0       0       0       0       0       0
      Temps:          0       0       0       0       0       0       0       0       0       0       0       0       0       0       0
      Totals:         0       0       0       0       0       0       0       0       0       0       0       0       0       0       0
Total ram usage:        0 bytes
 Hardware stack levels used:    1
 This function calls:
		Nothing
 This function is called by:
		_high_isr
 This function uses a non-reentrant model



MODULE INFORMATION

Module		Function		Class		Link	Load	Size
eusart2.c
		_EUSART2_Read  		CODE           	12A3A	0000	7
		_EUSART2_Write 		CODE           	12A06	0000	15
		_EUSART2_Initialize		CODE           	12956	0000	25

eusart2.c estimated size: 47

C:\Program Files (x86)\Microchip\xc8\v2.00\pic\sources\c99\common\Umul32.c
		___lmul        		CODE           	12420	0000	89

C:\Program Files (x86)\Microchip\xc8\v2.00\pic\sources\c99\common\Umul32.c estimated size: 89

interrupts.c
		_high_isr      		CODE           	0808	0000	519
		_low_isr       		CODE           	0818	0000	267

interrupts.c estimated size: 786

C:\Program Files (x86)\Microchip\xc8\v2.00\pic\sources\c99\common\lwmod.c
		___lwmod       		CODE           	125B4	0000	69

C:\Program Files (x86)\Microchip\xc8\v2.00\pic\sources\c99\common\lwmod.c estimated size: 69

C:\Program Files (x86)\Microchip\xc8\v2.00\pic\sources\c99\common\strlen.c
		_strlen        		CODE           	126C0	0000	67

C:\Program Files (x86)\Microchip\xc8\v2.00\pic\sources\c99\common\strlen.c estimated size: 67

adcc.c
		_ADCC_GetSingleConversion		CODE           	1287C	0000	41
		_ADCC_Initialize		CODE           	12524	0000	75

adcc.c estimated size: 116

eusart5.c
		_EUSART5_Read  		CODE           	12A34	0000	7
		_EUSART5_Write 		CODE           	129F8	0000	15
		_EUSART5_Initialize		CODE           	1293E	0000	25

eusart5.c estimated size: 47

ringBuffer.c
		_bufWrite      		CODE           	12308	0000	95
		_bufWriteIntH  		CODE           	12366	0000	95
		_bufInit       		CODE           	127F6	0000	53
		_bufRead       		CODE           	1256E	0000	71
		_bufClear      		CODE           	12908	0000	31

ringBuffer.c estimated size: 345

EEPROM.c
		_ReadEEPROM    		CODE           	127C0	0000	55
		_WriteEEPROM   		CODE           	125F8	0000	69

EEPROM.c estimated size: 124

C:\Program Files (x86)\Microchip\xc8\v2.00\pic\sources\c99\common\lwdiv.c
		___lwdiv       		CODE           	124D0	0000	85

C:\Program Files (x86)\Microchip\xc8\v2.00\pic\sources\c99\common\lwdiv.c estimated size: 85

shared
		i2_bufWriteIntH		CODE           	123C4	0000	93
		_keyMap1       		MEDIUMCONST    	FF23	0000	193
		_keyMap1Fn     		MEDIUMCONST    	FE63	0000	193
		_ledCathodeTable		MEDIUMCONST    	FB43	0000	13
		_ledAnodeTable 		MEDIUMCONST    	FB4F	0000	13
		_popCount8bits 		MEDIUMCONST    	0000	0000	0
		__initialization		CODE           	11D74	0000	171
		_connectedString		MEDIUMCONST    	FFE3	0000	11
		_keyMap3       		MEDIUMCONST    	FC23	0000	193
		_hex           		MEDIUMCONST    	FB33	0000	17
		_keyMap3Fn     		MEDIUMCONST    	FB63	0000	193
		_rowTable      		MEDIUMCONST    	FB5B	0000	9
		_bitOrderSwap  		MEDIUMCONST    	F933	0000	257
		_keyMap2       		MEDIUMCONST    	FDA3	0000	193
		_keyMap2Fn     		MEDIUMCONST    	FCE3	0000	193

shared estimated size: 1742

FT230X.c
		_showText      		CODE           	12702	0000	65
		_showState     		CODE           	11AB8	0000	255
		_SendCharUSB   		CODE           	12A20	0000	11

FT230X.c estimated size: 331

keys.c
		_swRelease     		CODE           	11748	0000	443
		_setXY         		CODE           	11158	0000	557
		_setScanCodes  		CODE           	11BB6	0000	231
		_swPush        		CODE           	10000	0000	1635

keys.c estimated size: 2866

RN42.c
		_sendConsumerReport		CODE           	122A2	0000	103
		_connectToggle 		CODE           	1299C	0000	21
		_checkBtState  		CODE           	129B0	0000	21
		_enterCommand  		CODE           	12478	0000	89
		_sendToggle    		CODE           	128CC	0000	31
		_disconnect    		CODE           	128A4	0000	41
		_SendCharBT    		CODE           	12A2A	0000	11
		_sendKey       		CODE           	11C9C	0000	217
		_sendMouse     		CODE           	11F5C	0000	139
		_waitOutputReport		CODE           	1263C	0000	67
		_connect       		CODE           	128EA	0000	31
		_connected     		CODE           	12A14	0000	13
		_sendAltCode   		CODE           	11902	0000	439

RN42.c estimated size: 1223

user.c
		_InitMainBoardIO		CODE           	129C4	0000	21
		_GetFuel       		CODE           	120DC	0000	117
		_showBatteryState		CODE           	11FE6	0000	129
		_GetChgState   		CODE           	1282A	0000	43
		_PMD_AllOff    		CODE           	129D8	0000	19
		_waitBootTrigger		CODE           	12782	0000	63
		_InitApp       		CODE           	12986	0000	23
		_InitApp2      		CODE           	12066	0000	119
		_ledMatrixProcess		CODE           	11ECC	0000	145
		_setSleepDelay 		CODE           	12234	0000	111
		_PMD_Initialize		CODE           	12926	0000	25
		_waitMs        		CODE           	1267E	0000	67
		_sw1Process    		CODE           	12150	0000	115
		_StandbyMainBoardIO		CODE           	121C2	0000	115

user.c estimated size: 1112

C:\Program Files (x86)\Microchip\xc8\v2.00\pic\sources\c99\common\Umul16.c
		___wmul        		CODE           	12854	0000	41

C:\Program Files (x86)\Microchip\xc8\v2.00\pic\sources\c99\common\Umul16.c estimated size: 41

main.c
		_main          		CODE           	10662	0000	1505

main.c estimated size: 1505

system.c
		_ConfigureOscillator		CODE           	1296E	0000	25

system.c estimated size: 25

swMatrix.c
		_swRegister    		CODE           	10F16	0000	579
		_StandbyUiBoardIO		CODE           	12742	0000	65
		_swUnregister  		CODE           	11584	0000	453
		_swProcess     		CODE           	10C42	0000	725
		_InitUiBoardIO 		CODE           	11E28	0000	165

swMatrix.c estimated size: 1987

